###############################################################################
#
# IAR ELF Linker V3.10.1.201 for STM8                     04/May/2022  12:10:15
# Copyright 2010-2017 IAR Systems AB.
#
#    Output file  =  
#        C:\Users\Yavuz\Documents\GitHub\WiegandWithMFRC522\STM8S_StdPeriph_Template
#        - Kopya\EWSTM8\STM8S103\Exe\Project.out
#    Map file     =  
#        C:\Users\Yavuz\Documents\GitHub\WiegandWithMFRC522\STM8S_StdPeriph_Template
#        - Kopya\EWSTM8\STM8S103\List\Project.map
#    Command line =  
#        -f C:\Users\Yavuz\AppData\Local\Temp\EWB335.tmp
#        ("C:\Users\Yavuz\Documents\GitHub\WiegandWithMFRC522\STM8S_StdPeriph_Template
#        - Kopya\EWSTM8\STM8S103\Obj\loc_rc522.o"
#        "C:\Users\Yavuz\Documents\GitHub\WiegandWithMFRC522\STM8S_StdPeriph_Template
#        - Kopya\EWSTM8\STM8S103\Obj\main.o"
#        "C:\Users\Yavuz\Documents\GitHub\WiegandWithMFRC522\STM8S_StdPeriph_Template
#        - Kopya\EWSTM8\STM8S103\Obj\stm8s_adc1.o"
#        "C:\Users\Yavuz\Documents\GitHub\WiegandWithMFRC522\STM8S_StdPeriph_Template
#        - Kopya\EWSTM8\STM8S103\Obj\stm8s_awu.o"
#        "C:\Users\Yavuz\Documents\GitHub\WiegandWithMFRC522\STM8S_StdPeriph_Template
#        - Kopya\EWSTM8\STM8S103\Obj\stm8s_beep.o"
#        "C:\Users\Yavuz\Documents\GitHub\WiegandWithMFRC522\STM8S_StdPeriph_Template
#        - Kopya\EWSTM8\STM8S103\Obj\stm8s_clk.o"
#        "C:\Users\Yavuz\Documents\GitHub\WiegandWithMFRC522\STM8S_StdPeriph_Template
#        - Kopya\EWSTM8\STM8S103\Obj\stm8s_exti.o"
#        "C:\Users\Yavuz\Documents\GitHub\WiegandWithMFRC522\STM8S_StdPeriph_Template
#        - Kopya\EWSTM8\STM8S103\Obj\stm8s_flash.o"
#        "C:\Users\Yavuz\Documents\GitHub\WiegandWithMFRC522\STM8S_StdPeriph_Template
#        - Kopya\EWSTM8\STM8S103\Obj\stm8s_gpio.o"
#        "C:\Users\Yavuz\Documents\GitHub\WiegandWithMFRC522\STM8S_StdPeriph_Template
#        - Kopya\EWSTM8\STM8S103\Obj\stm8s_i2c.o"
#        "C:\Users\Yavuz\Documents\GitHub\WiegandWithMFRC522\STM8S_StdPeriph_Template
#        - Kopya\EWSTM8\STM8S103\Obj\stm8s_it.o"
#        "C:\Users\Yavuz\Documents\GitHub\WiegandWithMFRC522\STM8S_StdPeriph_Template
#        - Kopya\EWSTM8\STM8S103\Obj\stm8s_itc.o"
#        "C:\Users\Yavuz\Documents\GitHub\WiegandWithMFRC522\STM8S_StdPeriph_Template
#        - Kopya\EWSTM8\STM8S103\Obj\stm8s_iwdg.o"
#        "C:\Users\Yavuz\Documents\GitHub\WiegandWithMFRC522\STM8S_StdPeriph_Template
#        - Kopya\EWSTM8\STM8S103\Obj\stm8s_rst.o"
#        "C:\Users\Yavuz\Documents\GitHub\WiegandWithMFRC522\STM8S_StdPeriph_Template
#        - Kopya\EWSTM8\STM8S103\Obj\stm8s_spi.o"
#        "C:\Users\Yavuz\Documents\GitHub\WiegandWithMFRC522\STM8S_StdPeriph_Template
#        - Kopya\EWSTM8\STM8S103\Obj\stm8s_tim1.o"
#        "C:\Users\Yavuz\Documents\GitHub\WiegandWithMFRC522\STM8S_StdPeriph_Template
#        - Kopya\EWSTM8\STM8S103\Obj\stm8s_tim2.o"
#        "C:\Users\Yavuz\Documents\GitHub\WiegandWithMFRC522\STM8S_StdPeriph_Template
#        - Kopya\EWSTM8\STM8S103\Obj\stm8s_tim4.o"
#        "C:\Users\Yavuz\Documents\GitHub\WiegandWithMFRC522\STM8S_StdPeriph_Template
#        - Kopya\EWSTM8\STM8S103\Obj\stm8s_uart1.o" --redirect
#        _Printf=_PrintfFullNoMb --redirect _Scanf=_ScanfFullNoMb -o
#        "C:\Users\Yavuz\Documents\GitHub\WiegandWithMFRC522\STM8S_StdPeriph_Template
#        - Kopya\EWSTM8\STM8S103\Exe\Project.out" --map
#        "C:\Users\Yavuz\Documents\GitHub\WiegandWithMFRC522\STM8S_StdPeriph_Template
#        - Kopya\EWSTM8\STM8S103\List\Project.map" --config "C:\Program Files
#        (x86)\IAR Systems\Embedded Workbench
#        8.0\stm8\config\lnkstm8s103f3.icf" --config_def _CSTACK_SIZE=0x100
#        --config_def _HEAP_SIZE=0x100 --entry __iar_program_start --debug_lib)
#
###############################################################################

*******************************************************************************
*** RUNTIME MODEL ATTRIBUTES
***

__SystemLibrary            = DLib
__code_model               = medium_or_large
__core                     = stm8
__data_model               = medium
__dlib_file_descriptor     = 0
__dlib_full_locale_support = 0
__rt_version               = 4


*******************************************************************************
*** PLACEMENT SUMMARY
***

"A0":  place at start of [0x000000-0x0000ff] { rw section .vregs };
"A1":  place at end of [0x000000-0x0003ff] { block CSTACK };
"P2":  place in [from 0x000000 to 0x0003ff] {
          block HEAP, rw section __DLIB_PERTHREAD, rw section .far.bss,
          rw section .far.data, rw section .far.noinit,
          rw section .far_func.textrw, rw section .huge.bss,
          rw section .huge.data, rw section .huge.noinit,
          rw section .huge_func.textrw, rw section .iar.dynexit,
          rw section .near.bss, rw section .near.data, rw section .near.noinit,
          rw section .near_func.textrw };
"A2":  place at start of [0x008000-0x009fff] { block INTVEC };
"P3":  place in [from 0x008000 to 0x009fff] {
          ro section __DLIB_PERTHREAD_init, ro section .far.data_init,
          ro section .far_func.textrw_init, ro section .huge.data_init,
          ro section .huge_func.textrw_init, ro section .iar.init_table,
          ro section .init_array, ro section .near.data_init,
          ro section .near.rodata, ro section .near_func.text,
          ro section .near_func.textrw_init, ro section .tiny.data_init,
          ro section .tiny.rodata_init };
"P4":  place in [from 0x008000 to 0x009fff] {
          ro section .far.rodata, ro section .far_func.text };
"P5":  place in [from 0x008000 to 0x009fff] {
          ro section .huge.rodata, ro section .huge_func.text };
do not initialize {
   rw section .eeprom.noinit, rw section .far.noinit, rw section .huge.noinit,
   rw section .near.noinit, rw section .tiny.noinit, rw section .vregs };
initialize by copy {
   rw section .far.bss, rw section .far.data, rw section .far_func.textrw,
   rw section .huge.bss, rw section .huge.data, rw section .huge_func.textrw,
   rw section .iar.dynexit, rw section .near.bss, rw section .near.data,
   rw section .near_func.textrw, rw section .tiny.bss, rw section .tiny.data,
   ro section .tiny.rodata };

  Section            Kind      Address    Size  Object
  -------            ----      -------    ----  ------
"A0":                                     0x10
  .vregs             uninit   0x000000    0x10  vregs.o [4]
                            - 0x000010    0x10

"P2", part 1 of 2:                         0x7
  P2-1                        0x000010     0x7  <Init block>
    .near.data       inited   0x000010     0x6  main.o [1]
    .near.data       inited   0x000016     0x1  main.o [1]
                            - 0x000017     0x7

"P2", part 2 of 2:                        0x84
  .near.bss          zero     0x000017    0x20  main.o [1]
  .near.bss          zero     0x000037    0x20  main.o [1]
  .near.bss          zero     0x000057    0x14  main.o [1]
  .near.bss          zero     0x00006b     0xa  main.o [1]
  .near.bss          zero     0x000075     0x8  main.o [1]
  .near.bss          zero     0x00007d     0x8  main.o [1]
  .near.bss          zero     0x000085     0x8  main.o [1]
  .near.bss          zero     0x00008d     0x8  main.o [1]
  .near.bss          zero     0x000095     0x2  main.o [1]
  .near.bss          zero     0x000097     0x1  loc_rc522.o [1]
  .near.bss          zero     0x000098     0x1  loc_rc522.o [1]
  .near.bss          zero     0x000099     0x1  main.o [1]
  .near.bss          zero     0x00009a     0x1  main.o [1]
                            - 0x00009b    0x84

"A1":                                    0x100
  CSTACK                      0x000300   0x100  <Block>
    CSTACK           uninit   0x000300   0x100  <Block tail>
                            - 0x000400   0x100

"A2":                                     0x80
  INTVEC                      0x008000    0x80  <Block>
    .intvec          const    0x008000    0x80  interrupt.o [4]
                            - 0x008080    0x80

"P3-P5":                                0x127e
  .far_func.text     ro code  0x008080   0x55e  loc_rc522.o [1]
  .far_func.text     ro code  0x0085de   0x313  main.o [1]
  .far_func.text     ro code  0x0088f1   0x1ba  main.o [1]
  .far_func.text     ro code  0x008aab    0xef  stm8s_spi.o [1]
  .far_func.text     ro code  0x008b9a    0xbf  vreg_util.o [4]
  .far_func.text     ro code  0x008c59    0xb1  stm8s_gpio.o [1]
  .far_func.text     ro code  0x008d0a    0x90  stm8s_clk.o [1]
  .far_func.text     ro code  0x008d9a    0x8c  stm8s_clk.o [1]
  .near.rodata       const    0x008e26    0x65  stm8s_gpio.o [1]
  .far_func.text     ro code  0x008e8b    0x64  stm8s_clk.o [1]
  .near.rodata       const    0x008eef    0x64  stm8s_clk.o [1]
  .near.rodata       const    0x008f53    0x64  stm8s_spi.o [1]
  .far_func.text     ro code  0x008fb7    0x42  long.o [4]
  .far_func.text     ro code  0x008ff9    0x3e  stm8s_gpio.o [1]
  .far_func.text     ro code  0x009037    0x3d  stm8s_spi.o [1]
  .far_func.text     ro code  0x009074    0x36  stm8s_clk.o [1]
  .far_func.text     ro code  0x0090aa    0x35  loc_rc522.o [1]
  .far_func.text     ro code  0x0090df    0x2e  stm8s_clk.o [1]
  .far_func.text     ro code  0x00910d    0x28  long_util.o [4]
  .far_func.text     ro code  0x009135    0x28  init_small.o [4]
  .far_func.text     ro code  0x00915d    0x23  stm8s_spi.o [1]
  .iar.init_table    const    0x009180    0x14  - Linker created -
  .far_func.text     ro code  0x009194    0x1e  init.o [4]
  .far_func.text     ro code  0x0091b2    0x1e  init_small.o [4]
  .far_func.text     ro code  0x0091d0    0x17  loc_rc522.o [1]
  .far_func.text     ro code  0x0091e7    0x17  cstartup.o [4]
  .far_func.text     ro code  0x0091fe    0x16  __dbg_xxexit.o [3]
  .far_func.text     ro code  0x009214    0x15  stm8s_spi.o [1]
  .far_func.text     ro code  0x009229    0x14  loc_rc522.o [1]
  .far_func.text     ro code  0x00923d    0x12  stm8s_gpio.o [1]
  .far_func.text     ro code  0x00924f     0xe  far_util.o [4]
  .far_func.text     ro code  0x00925d     0xc  stm8s_clk.o [1]
  .far_func.text     ro code  0x009269     0xc  stm8s_gpio.o [1]
  .far_func.text     ro code  0x009275     0xb  loc_rc522.o [1]
  .far_func.text     ro code  0x009280     0xa  main.o [1]
  .far_func.text     ro code  0x00928a     0x8  main.o [1]
  .far_func.text     ro code  0x009292     0x8  main.o [1]
  .far_func.text     ro code  0x00929a     0x8  short.o [4]
  .far_func.text     ro code  0x0092a2     0x7  loc_rc522.o [1]
  .far_func.text     ro code  0x0092a9     0x7  main.o [1]
  .far_func.text     ro code  0x0092b0     0x7  main.o [1]
  .far_func.text     ro code  0x0092b7     0x7  stm8s_gpio.o [1]
  Initializer bytes  const    0x0092be     0x7  <for P2-1>
  .far_func.text     ro code  0x0092c5     0x6  cexit.o [4]
  .far_func.text     ro code  0x0092cb     0x5  main.o [1]
  .far_func.text     ro code  0x0092d0     0x5  main.o [1]
  .far_func.text     ro code  0x0092d5     0x4  stm8s_gpio.o [1]
  .far_func.text     ro code  0x0092d9     0x4  interrupt.o [4]
  .far_func.text     ro code  0x0092dd     0x4  exit.o [4]
  .far_func.text     ro code  0x0092e1     0x3  low_level_init.o [4]
  .far_func.text     ro code  0x0092e4     0x3  unhandled_exception.o [4]
  .far_func.text     ro code  0x0092e7     0x2  main.o [1]
  .far_func.text     ro code  0x0092e9     0x1  stm8s_it.o [1]
  .far_func.text     ro code  0x0092ea     0x1  stm8s_it.o [1]
  .far_func.text     ro code  0x0092eb     0x1  stm8s_it.o [1]
  .far_func.text     ro code  0x0092ec     0x1  stm8s_it.o [1]
  .far_func.text     ro code  0x0092ed     0x1  stm8s_it.o [1]
  .far_func.text     ro code  0x0092ee     0x1  stm8s_it.o [1]
  .far_func.text     ro code  0x0092ef     0x1  stm8s_it.o [1]
  .far_func.text     ro code  0x0092f0     0x1  stm8s_it.o [1]
  .far_func.text     ro code  0x0092f1     0x1  stm8s_it.o [1]
  .far_func.text     ro code  0x0092f2     0x1  stm8s_it.o [1]
  .far_func.text     ro code  0x0092f3     0x1  stm8s_it.o [1]
  .far_func.text     ro code  0x0092f4     0x1  stm8s_it.o [1]
  .far_func.text     ro code  0x0092f5     0x1  stm8s_it.o [1]
  .far_func.text     ro code  0x0092f6     0x1  stm8s_it.o [1]
  .far_func.text     ro code  0x0092f7     0x1  stm8s_it.o [1]
  .far_func.text     ro code  0x0092f8     0x1  stm8s_it.o [1]
  .far_func.text     ro code  0x0092f9     0x1  stm8s_it.o [1]
  .far_func.text     ro code  0x0092fa     0x1  stm8s_it.o [1]
  .far_func.text     ro code  0x0092fb     0x1  stm8s_it.o [1]
  .far_func.text     ro code  0x0092fc     0x1  stm8s_it.o [1]
  .far_func.text     ro code  0x0092fd     0x1  __dbg_break.o [3]
                            - 0x0092fe  0x127e


*******************************************************************************
*** INIT TABLE
***

          Address   Size
          -------   ----
Zero (__iar_zero_init2)
    1 destination range, total size 0x84:
          0x000017  0x84

Copy (__iar_copy_init2)
    1 source range, total size 0x7:
          0x0092be   0x7
    1 destination range, total size 0x7:
          0x000010   0x7



*******************************************************************************
*** MODULE SUMMARY
***

    Module                 ro code  ro data  rw data
    ------                 -------  -------  -------
C:\Users\Yavuz\Documents\GitHub\WiegandWithMFRC522\STM8S_StdPeriph_Template - Kopya\EWSTM8\STM8S103\Obj: [1]
    loc_rc522.o              1 488                 2
    main.o                   1 281        7      137
    stm8s_clk.o                496      100
    stm8s_gpio.o               280      101
    stm8s_it.o                  20
    stm8s_spi.o                356      100
    ------------------------------------------------
    Total:                   3 921      308      139

command line: [2]
    ------------------------------------------------
    Total:

dbgstm8mmd.a: [3]
    __dbg_break.o                1
    __dbg_xxexit.o              22
    ------------------------------------------------
    Total:                      23

dlstm8mmn.a: [4]
    cexit.o                      6
    cstartup.o                  23
    exit.o                       4
    far_util.o                  14
    init.o                      30
    init_small.o                70
    interrupt.o                  4      128
    long.o                      66
    long_util.o                 40
    low_level_init.o             3
    short.o                      8
    unhandled_exception.o        3
    vreg_util.o                191
    vregs.o                                       16
    ------------------------------------------------
    Total:                     462      128       16

    Linker created                       20      256
----------------------------------------------------
    Grand Total:             4 406      456      411


*******************************************************************************
*** ENTRY LIST
***

Entry                    Address   Size  Type      Object
-----                    -------   ----  ----      ------
.iar.init_table$$Base   0x009180          --   Gb  - Linker created -
.iar.init_table$$Limit  0x009194          --   Gb  - Linker created -
?add32_l0_l0_0x         0x008fd0         Code  Gb  long.o [4]
?b0                     0x000000         Data  Gb  vregs.o [4]
?b1                     0x000001         Data  Gb  vregs.o [4]
?b10                    0x00000a         Data  Gb  vregs.o [4]
?b11                    0x00000b         Data  Gb  vregs.o [4]
?b12                    0x00000c         Data  Gb  vregs.o [4]
?b13                    0x00000d         Data  Gb  vregs.o [4]
?b14                    0x00000e         Data  Gb  vregs.o [4]
?b15                    0x00000f         Data  Gb  vregs.o [4]
?b2                     0x000002         Data  Gb  vregs.o [4]
?b3                     0x000003         Data  Gb  vregs.o [4]
?b4                     0x000004         Data  Gb  vregs.o [4]
?b5                     0x000005         Data  Gb  vregs.o [4]
?b6                     0x000006         Data  Gb  vregs.o [4]
?b7                     0x000007         Data  Gb  vregs.o [4]
?b8                     0x000008         Data  Gb  vregs.o [4]
?b9                     0x000009         Data  Gb  vregs.o [4]
?dec32_0x_0x            0x008fbc         Code  Gb  long.o [4]
?dec32_l0_l0            0x008fb7         Code  Gb  long.o [4]
?e0                     0x000001         Data  Gb  vregs.o [4]
?e1                     0x000005         Data  Gb  vregs.o [4]
?e2                     0x000009         Data  Gb  vregs.o [4]
?e3                     0x00000d         Data  Gb  vregs.o [4]
?epilogue_l2            0x008c2b         Code  Gb  vreg_util.o [4]
?epilogue_l2_l3         0x008c27         Code  Gb  vreg_util.o [4]
?epilogue_l2_w6         0x008c30         Code  Gb  vreg_util.o [4]
?epilogue_w4            0x008c39         Code  Gb  vreg_util.o [4]
?l0                     0x000000         Data  Gb  vregs.o [4]
?l1                     0x000004         Data  Gb  vregs.o [4]
?l2                     0x000008         Data  Gb  vregs.o [4]
?l3                     0x00000c         Data  Gb  vregs.o [4]
?load24_e1_0x           0x00924f         Code  Gb  far_util.o [4]
?load32_0x_l0           0x009119         Code  Gb  long_util.o [4]
?load32_0x_l2           0x009127         Code  Gb  long_util.o [4]
?load32_l0_0x           0x00910d         Code  Gb  long_util.o [4]
?mov_e1_e0              0x008c4f         Code  Gb  vreg_util.o [4]
?mov_l1_l0              0x008c4c         Code  Gb  vreg_util.o [4]
?mov_w3_w1              0x008c52         Code  Gb  vreg_util.o [4]
?mov_w4_w0              0x008c3e         Code  Gb  vreg_util.o [4]
?mov_w6_w2              0x008c45         Code  Gb  vreg_util.o [4]
?pop_l2                 0x008c05         Code  Gb  vreg_util.o [4]
?pop_l3                 0x008c10         Code  Gb  vreg_util.o [4]
?pop_w4                 0x008bc0         Code  Gb  vreg_util.o [4]
?pop_w6                 0x008bc7         Code  Gb  vreg_util.o [4]
?push_l2                0x008bda         Code  Gb  vreg_util.o [4]
?push_l3                0x008bdf         Code  Gb  vreg_util.o [4]
?push_w1                0x008b9a         Code  Gb  vreg_util.o [4]
?push_w4                0x008b9f         Code  Gb  vreg_util.o [4]
?push_w6                0x008ba4         Code  Gb  vreg_util.o [4]
?sll16_x_x_a            0x00929a         Code  Gb  short.o [4]
?sll32_0x_0x_a          0x008feb         Code  Gb  long.o [4]
?sll32_l0_l0_a          0x008fe8         Code  Gb  long.o [4]
?w0                     0x000000         Data  Gb  vregs.o [4]
?w1                     0x000002         Data  Gb  vregs.o [4]
?w2                     0x000004         Data  Gb  vregs.o [4]
?w3                     0x000006         Data  Gb  vregs.o [4]
?w4                     0x000008         Data  Gb  vregs.o [4]
?w5                     0x00000a         Data  Gb  vregs.o [4]
?w6                     0x00000c         Data  Gb  vregs.o [4]
?w7                     0x00000e         Data  Gb  vregs.o [4]
ADC1_IRQHandler         0x0092fa    0x1  Code  Gb  stm8s_it.o [1]
ATQBuf                  0x000095    0x2  Data  Gb  main.o [1]
AWU_IRQHandler          0x0092eb    0x1  Code  Gb  stm8s_it.o [1]
Binary01                0x00008d    0x8  Data  Gb  main.o [1]
Binary32bit             0x000037   0x20  Data  Gb  main.o [1]
BinaryData              0x000017   0x20  Data  Gb  main.o [1]
CLK_Config              0x00892e   0x1a  Code  Gb  main.o [1]
CLK_DeInit              0x009074   0x36  Code  Gb  stm8s_clk.o [1]
CLK_GetFlagStatus       0x008d9a   0x8c  Code  Gb  stm8s_clk.o [1]
CLK_HSIPrescalerConfig  0x0090df   0x2e  Code  Gb  stm8s_clk.o [1]
CLK_IRQHandler          0x0092ec    0x1  Code  Gb  stm8s_it.o [1]
CLK_PeripheralClockConfig
                        0x008d0a   0x90  Code  Gb  stm8s_clk.o [1]
CLK_SYSCLKConfig        0x008e8b   0x64  Code  Gb  stm8s_clk.o [1]
CSTACK$$Base            0x000300          --   Gb  - Linker created -
CSTACK$$Limit           0x000400          --   Gb  - Linker created -
CalulateCRC             0x0083ab   0x60  Code  Gb  loc_rc522.o [1]
ClearBitMask            0x00815d   0x21  Code  Gb  loc_rc522.o [1]
Dec2Hex                 0x008948   0x11  Code  Gb  main.o [1]
DefaultKey              0x000010    0x6  Data  Gb  main.o [1]
Delay                   0x0088f1    0x8  Code  Gb  main.o [1]
EEPROM_EEC_IRQHandler   0x0092fc    0x1  Code  Gb  stm8s_it.o [1]
EXTI_PORTA_IRQHandler   0x0092ed    0x1  Code  Gb  stm8s_it.o [1]
EXTI_PORTB_IRQHandler   0x0092ee    0x1  Code  Gb  stm8s_it.o [1]
EXTI_PORTC_IRQHandler   0x0092ef    0x1  Code  Gb  stm8s_it.o [1]
EXTI_PORTD_IRQHandler   0x0092f0    0x1  Code  Gb  stm8s_it.o [1]
EXTI_PORTE_IRQHandler   0x0092f1    0x1  Code  Gb  stm8s_it.o [1]
FirtsD                  0x00007d    0x8  Data  Gb  main.o [1]
GPIO_DeInit             0x00923d   0x12  Code  Gb  stm8s_gpio.o [1]
GPIO_ExternalPullUpConfig
                        0x008ff9   0x3e  Code  Gb  stm8s_gpio.o [1]
GPIO_Init               0x008c59   0xb1  Code  Gb  stm8s_gpio.o [1]
GPIO_WriteHigh          0x0092b7    0x7  Code  Gb  stm8s_gpio.o [1]
GPIO_WriteLow           0x0092d5    0x4  Code  Gb  stm8s_gpio.o [1]
GPIO_setup              0x0088f9   0x35  Code  Gb  main.o [1]
Hex2Binary              0x0085de  0x313  Code  Gb  main.o [1]
HexData                 0x000075    0x8  Data  Gb  main.o [1]
I2C_IRQHandler          0x0092f9    0x1  Code  Gb  stm8s_it.o [1]
INTVEC$$Base            0x008000          --   Gb  - Linker created -
INTVEC$$Limit           0x008080          --   Gb  - Linker created -
PcdAntennaOn            0x008562   0x12  Code  Gb  loc_rc522.o [1]
PcdAnticoll             0x00831b   0x7d  Code  Gb  loc_rc522.o [1]
PcdAuthState            0x008491   0x77  Code  Gb  loc_rc522.o [1]
PcdComMF522             0x00817e  0x142  Code  Gb  loc_rc522.o [1]
PcdHalt                 0x00853c   0x26  Code  Gb  loc_rc522.o [1]
PcdRequest              0x0082c0   0x5b  Code  Gb  loc_rc522.o [1]
PcdReset                0x00857e   0x60  Code  Gb  loc_rc522.o [1]
PcdSelect               0x00842c   0x65  Code  Gb  loc_rc522.o [1]
ReadRawRC               0x0080a3   0x3f  Code  Gb  loc_rc522.o [1]
Region$$Table$$Base     0x009180          --   Gb  - Linker created -
Region$$Table$$Limit    0x009194          --   Gb  - Linker created -
ReqALL                  0x000016    0x1  Data  Gb  main.o [1]
SPIRC522_Init           0x0090aa   0x35  Code  Gb  loc_rc522.o [1]
SPI_Cmd                 0x00915d   0x17  Code  Gb  stm8s_spi.o [1]
SPI_DeInit              0x009214   0x15  Code  Gb  stm8s_spi.o [1]
SPI_GetFlagStatus       0x009037   0x3d  Code  Gb  stm8s_spi.o [1]
SPI_IRQHandler          0x0092f2    0x1  Code  Gb  stm8s_it.o [1]
SPI_Init                0x008aab   0xef  Code  Gb  stm8s_spi.o [1]
SeconD                  0x000085    0x8  Data  Gb  main.o [1]
SetBitMask              0x00813b   0x22  Code  Gb  loc_rc522.o [1]
TIM1_CAP_COM_IRQHandler
                        0x0092f4    0x1  Code  Gb  stm8s_it.o [1]
TIM1_UPD_OVF_TRG_BRK_IRQHandler
                        0x0092f3    0x1  Code  Gb  stm8s_it.o [1]
TIM2_CAP_COM_IRQHandler
                        0x0092f6    0x1  Code  Gb  stm8s_it.o [1]
TIM2_UPD_OVF_BRK_IRQHandler
                        0x0092f5    0x1  Code  Gb  stm8s_it.o [1]
TIM4_UPD_OVF_IRQHandler
                        0x0092fb    0x1  Code  Gb  stm8s_it.o [1]
TLI_IRQHandler          0x0092ea    0x1  Code  Gb  stm8s_it.o [1]
TRAP_IRQHandler         0x0092e9    0x1  Code  Gb  stm8s_it.o [1]
UART1_RX_IRQHandler     0x0092f8    0x1  Code  Gb  stm8s_it.o [1]
UART1_TX_IRQHandler     0x0092f7    0x1  Code  Gb  stm8s_it.o [1]
WriteRawRC              0x0080eb   0x3e  Code  Gb  loc_rc522.o [1]
__DebugBreak            0x0092fd    0x1  Code  Gb  __dbg_break.o [3]
__exit                  0x0091fe   0x16  Code  Gb  __dbg_xxexit.o [3]
__iar_copy_init2        0x009135         Code  Gb  init_small.o [4]
__iar_data_init2        0x009194   0x1e  Code  Gb  init.o [4]
__iar_program_start     0x0091e7         Code  Gb  cstartup.o [4]
__iar_unhandled_exception
                        0x0092e4         Code  Gb  unhandled_exception.o [4]
__iar_zero_init2        0x0091b2         Code  Gb  init_small.o [4]
__intvec                0x008000         Data  Gb  interrupt.o [4]
__low_level_init        0x0092e1    0x3  Code  Gb  low_level_init.o [4]
_exit                   0x0092c5         Code  Gb  cexit.o [4]
_interrupt_1            0x0092e9         Code  Gb  stm8s_it.o [1]
_interrupt_12           0x0092f2         Code  Gb  stm8s_it.o [1]
_interrupt_13           0x0092f3         Code  Gb  stm8s_it.o [1]
_interrupt_14           0x0092f4         Code  Gb  stm8s_it.o [1]
_interrupt_15           0x0092f5         Code  Gb  stm8s_it.o [1]
_interrupt_16           0x0092f6         Code  Gb  stm8s_it.o [1]
_interrupt_19           0x0092f7         Code  Gb  stm8s_it.o [1]
_interrupt_2            0x0092ea         Code  Gb  stm8s_it.o [1]
_interrupt_20           0x0092f8         Code  Gb  stm8s_it.o [1]
_interrupt_21           0x0092f9         Code  Gb  stm8s_it.o [1]
_interrupt_24           0x0092fa         Code  Gb  stm8s_it.o [1]
_interrupt_25           0x0092fb         Code  Gb  stm8s_it.o [1]
_interrupt_26           0x0092fc         Code  Gb  stm8s_it.o [1]
_interrupt_3            0x0092eb         Code  Gb  stm8s_it.o [1]
_interrupt_4            0x0092ec         Code  Gb  stm8s_it.o [1]
_interrupt_5            0x0092ed         Code  Gb  stm8s_it.o [1]
_interrupt_6            0x0092ee         Code  Gb  stm8s_it.o [1]
_interrupt_7            0x0092ef         Code  Gb  stm8s_it.o [1]
_interrupt_8            0x0092f0         Code  Gb  stm8s_it.o [1]
_interrupt_9            0x0092f1         Code  Gb  stm8s_it.o [1]
assert_failed           0x0092e7    0x2  Code  Gb  main.o [1]
bufferSize              0x000099    0x1  Data  Gb  main.o [1]
dec2hex                 0x00006b    0xa  Data  Gb  main.o [1]
delay                   0x009229   0x14  Code  Gb  loc_rc522.o [1]
exit                    0x0092dd    0x4  Code  Gb  exit.o [4]
g_ucTempbuf             0x000057   0x14  Data  Gb  main.o [1]
main                    0x008959  0x142  Code  Gb  main.o [1]
status                  0x00009a    0x1  Data  Gb  main.o [1]
temp                    0x000098    0x1  Data  Gb  loc_rc522.o [1]
test                    0x000097    0x1  Data  Gb  loc_rc522.o [1]


[1] = C:\Users\Yavuz\Documents\GitHub\WiegandWithMFRC522\STM8S_StdPeriph_Template - Kopya\EWSTM8\STM8S103\Obj
[2] = command line
[3] = dbgstm8mmd.a
[4] = dlstm8mmn.a

  4 406 bytes of readonly  code memory
    456 bytes of readonly  data memory
    411 bytes of readwrite data memory

Errors: none
Warnings: none
