###############################################################################
#
# IAR ELF Linker V3.11.1.207 for STM8                     21/Apr/2022  10:28:10
# Copyright 2010-2019 IAR Systems AB.
#
#    Output file  =  
#        C:\Users\Talha\Documents\GitHub\STM8S_With_Mifare4UID\EWSTM8\STM8S103\Exe\Project.out
#    Map file     =  
#        C:\Users\Talha\Documents\GitHub\STM8S_With_Mifare4UID\EWSTM8\STM8S103\List\Project.map
#    Command line =  
#        -f C:\Users\Talha\AppData\Local\Temp\EW95B0.tmp
#        (C:\Users\Talha\Documents\GitHub\STM8S_With_Mifare4UID\EWSTM8\STM8S103\Obj\loc_rc522.o
#        C:\Users\Talha\Documents\GitHub\STM8S_With_Mifare4UID\EWSTM8\STM8S103\Obj\main.o
#        C:\Users\Talha\Documents\GitHub\STM8S_With_Mifare4UID\EWSTM8\STM8S103\Obj\main2.o
#        C:\Users\Talha\Documents\GitHub\STM8S_With_Mifare4UID\EWSTM8\STM8S103\Obj\stm8s_adc1.o
#        C:\Users\Talha\Documents\GitHub\STM8S_With_Mifare4UID\EWSTM8\STM8S103\Obj\stm8s_awu.o
#        C:\Users\Talha\Documents\GitHub\STM8S_With_Mifare4UID\EWSTM8\STM8S103\Obj\stm8s_beep.o
#        C:\Users\Talha\Documents\GitHub\STM8S_With_Mifare4UID\EWSTM8\STM8S103\Obj\stm8s_clk.o
#        C:\Users\Talha\Documents\GitHub\STM8S_With_Mifare4UID\EWSTM8\STM8S103\Obj\stm8s_eeprom.o
#        C:\Users\Talha\Documents\GitHub\STM8S_With_Mifare4UID\EWSTM8\STM8S103\Obj\stm8s_exti.o
#        C:\Users\Talha\Documents\GitHub\STM8S_With_Mifare4UID\EWSTM8\STM8S103\Obj\stm8s_flash.o
#        C:\Users\Talha\Documents\GitHub\STM8S_With_Mifare4UID\EWSTM8\STM8S103\Obj\stm8s_gpio.o
#        C:\Users\Talha\Documents\GitHub\STM8S_With_Mifare4UID\EWSTM8\STM8S103\Obj\stm8s_i2c.o
#        C:\Users\Talha\Documents\GitHub\STM8S_With_Mifare4UID\EWSTM8\STM8S103\Obj\stm8s_it.o
#        C:\Users\Talha\Documents\GitHub\STM8S_With_Mifare4UID\EWSTM8\STM8S103\Obj\stm8s_itc.o
#        C:\Users\Talha\Documents\GitHub\STM8S_With_Mifare4UID\EWSTM8\STM8S103\Obj\stm8s_iwdg.o
#        C:\Users\Talha\Documents\GitHub\STM8S_With_Mifare4UID\EWSTM8\STM8S103\Obj\stm8s_rst.o
#        C:\Users\Talha\Documents\GitHub\STM8S_With_Mifare4UID\EWSTM8\STM8S103\Obj\stm8s_spi.o
#        C:\Users\Talha\Documents\GitHub\STM8S_With_Mifare4UID\EWSTM8\STM8S103\Obj\stm8s_tim1.o
#        C:\Users\Talha\Documents\GitHub\STM8S_With_Mifare4UID\EWSTM8\STM8S103\Obj\stm8s_tim2.o
#        C:\Users\Talha\Documents\GitHub\STM8S_With_Mifare4UID\EWSTM8\STM8S103\Obj\stm8s_tim4.o
#        C:\Users\Talha\Documents\GitHub\STM8S_With_Mifare4UID\EWSTM8\STM8S103\Obj\stm8s_uart1.o
#        C:\Users\Talha\Documents\GitHub\STM8S_With_Mifare4UID\EWSTM8\STM8S103\Obj\stm8s_wwdg.o
#        --redirect _Printf=_PrintfTiny --no_out_extension -o
#        C:\Users\Talha\Documents\GitHub\STM8S_With_Mifare4UID\EWSTM8\STM8S103\Exe\Project.out
#        --map
#        C:\Users\Talha\Documents\GitHub\STM8S_With_Mifare4UID\EWSTM8\STM8S103\List\Project.map
#        --config "C:\Program Files (x86)\IAR Systems\Embedded Workbench
#        8.3\stm8\config\lnkstm8s103f3.icf" --config_def _CSTACK_SIZE=0x100
#        --config_def _HEAP_SIZE=0x100 --entry __iar_program_start --debug_lib)
#
###############################################################################

*******************************************************************************
*** RUNTIME MODEL ATTRIBUTES
***

__SystemLibrary            = DLib
__code_model               = medium_or_large
__core                     = stm8
__data_model               = medium
__dlib_file_descriptor     = 0
__dlib_full_locale_support = 0
__rt_version               = 4


*******************************************************************************
*** PLACEMENT SUMMARY
***

"A0":  place at start of [0x000000-0x0000ff] { rw section .vregs };
"A1":  place at end of [0x000000-0x0003ff] { block CSTACK };
"P2":  place in [from 0x000000 to 0x0003ff] {
          block HEAP, rw section __DLIB_PERTHREAD, rw section .far.bss,
          rw section .far.data, rw section .far.noinit,
          rw section .far_func.textrw, rw section .huge.bss,
          rw section .huge.data, rw section .huge.noinit,
          rw section .huge_func.textrw, rw section .iar.dynexit,
          rw section .near.bss, rw section .near.data, rw section .near.noinit,
          rw section .near_func.textrw };
"A2":  place at start of [0x008000-0x009fff] { block INTVEC };
"P3":  place in [from 0x008000 to 0x009fff] {
          ro section __DLIB_PERTHREAD_init, ro section .far.data_init,
          ro section .far_func.textrw_init, ro section .huge.data_init,
          ro section .huge_func.textrw_init, ro section .iar.init_table,
          ro section .init_array, ro section .near.data_init,
          ro section .near.rodata, ro section .near_func.text,
          ro section .near_func.textrw_init, ro section .tiny.data_init,
          ro section .tiny.rodata_init };
"P4":  place in [from 0x008000 to 0x009fff] {
          ro section .far.rodata, ro section .far_func.text };
"P5":  place in [from 0x008000 to 0x009fff] {
          ro section .huge.rodata, ro section .huge_func.text };
do not initialize {
   rw section .eeprom.noinit, rw section .far.noinit, rw section .huge.noinit,
   rw section .near.noinit, rw section .tiny.noinit, rw section .vregs };
initialize by copy {
   rw section .far.bss, rw section .far.data, rw section .far_func.textrw,
   rw section .huge.bss, rw section .huge.data, rw section .huge_func.textrw,
   rw section .iar.dynexit, rw section .near.bss, rw section .near.data,
   rw section .near_func.textrw, rw section .tiny.bss, rw section .tiny.data,
   ro section .tiny.rodata };

No sections matched the following patterns:

  ro section .far.data_init          in "P3-P5"
  ro section .far.rodata             in "P3-P5"
  ro section .far_func.textrw_init   in "P3-P5"
  ro section .huge.data_init         in "P3-P5"
  ro section .huge.rodata            in "P3-P5"
  ro section .huge_func.text         in "P3-P5"
  ro section .huge_func.textrw_init  in "P3-P5"
  ro section .iar.init_table         in "P3-P5"
  ro section .init_array             in "P3-P5"
  ro section .near_func.text         in "P3-P5"
  ro section .near_func.textrw_init  in "P3-P5"
  ro section .tiny.data_init         in "P3-P5"
  ro section .tiny.rodata_init       in "P3-P5"
  ro section __DLIB_PERTHREAD_init   in "P3-P5"
  rw section .far.bss                in "P2"
  rw section .far.data               in "P2"
  rw section .far.noinit             in "P2"
  rw section .far_func.textrw        in "P2"
  rw section .huge.bss               in "P2"
  rw section .huge.data              in "P2"
  rw section .huge.noinit            in "P2"
  rw section .huge_func.textrw       in "P2"
  rw section .iar.dynexit            in "P2"
  rw section .near.noinit            in "P2"
  rw section .near_func.textrw       in "P2"
  rw section .tiny.bss               in "P1"
  rw section .tiny.data              in "P1"
  rw section .tiny.noinit            in "P1"
  rw section .tiny.rodata            in "P1"
  rw section __DLIB_PERTHREAD        in "P2"
  section .eeprom.data               in "P6-P8"
  section .eeprom.noinit             in "P6-P8"
  section .eeprom.rodata             in "P6-P8"


  Section            Kind      Address    Size  Object
  -------            ----      -------    ----  ------
"A0":                                     0x10
  .vregs             uninit   0x000000    0x10  vregs.o [4]
                            - 0x000010    0x10

"P2", part 1 of 2:                         0x7
  P2-1                        0x000010     0x7  <Init block>
    .near.data       inited   0x000010     0x6  main.o [1]
    .near.data       inited   0x000016     0x1  main.o [1]
                            - 0x000017     0x7

"P2", part 2 of 2:                        0x9d
  .near.bss          zero     0x000017    0x22  main.o [1]
  .near.bss          zero     0x000039    0x14  main.o [1]
  .near.bss          zero     0x00004d    0x14  main.o [1]
  .near.bss          zero     0x000061    0x10  main.o [1]
  .near.bss          zero     0x000071    0x10  main.o [1]
  .near.bss          zero     0x000081    0x10  main.o [1]
  .near.bss          zero     0x000091     0xa  main.o [1]
  .near.bss          zero     0x00009b     0x8  main.o [1]
  .near.bss          zero     0x0000a3     0x4  main.o [1]
  .near.bss          zero     0x0000a7     0x2  main.o [1]
  .near.bss          zero     0x0000a9     0x2  main.o [1]
  .near.bss          zero     0x0000ab     0x2  main.o [1]
  .near.bss          zero     0x0000ad     0x1  loc_rc522.o [1]
  .near.bss          zero     0x0000ae     0x1  loc_rc522.o [1]
  .near.bss          zero     0x0000af     0x1  main.o [1]
  .near.bss          zero     0x0000b0     0x1  main.o [1]
  .near.bss          zero     0x0000b1     0x1  main.o [1]
  .near.bss          zero     0x0000b2     0x1  main.o [1]
  .near.bss          zero     0x0000b3     0x1  main.o [1]
                            - 0x0000b4    0x9d

"A1":                                    0x100
  CSTACK                      0x000300   0x100  <Block>
    CSTACK           uninit   0x000300   0x100  <Block tail>
                            - 0x000400   0x100

Absolute sections, part 1 of 3:            0x3
  .near.noinit       uninit   0x00505a     0x1  stm8s_eeprom.o [1]
  .near.noinit       uninit   0x00505b     0x1  stm8s_eeprom.o [1]
  .near.noinit       uninit   0x00505c     0x1  stm8s_eeprom.o [1]
                            - 0x00505d     0x3

Absolute sections, part 2 of 3:            0x1
  .near.noinit       uninit   0x00505f     0x1  stm8s_eeprom.o [1]
                            - 0x005060     0x1

Absolute sections, part 3 of 3:            0x1
  .near.noinit       uninit   0x005064     0x1  stm8s_eeprom.o [1]
                            - 0x005065     0x1

"A2":                                     0x80
  INTVEC                      0x008000    0x80  <Block>
    .intvec          const    0x008000    0x80  interrupt.o [4]
                            - 0x008080    0x80

"P3-P5":                                0x1df3
  .far_func.text     ro code  0x008080   0x6e7  loc_rc522.o [1]
  .far_func.text     ro code  0x008767   0x367  main.o [1]
  .far_func.text     ro code  0x008ace   0x297  main.o [1]
  .far_func.text     ro code  0x008d65   0x21a  stm8s_uart1.o [1]
  .far_func.text     ro code  0x008f7f   0x13a  long.o [4]
  .far_func.text     ro code  0x0090b9   0x12f  stm8s_spi.o [1]
  .far_func.text     ro code  0x0091e8   0x112  vreg_util.o [4]
  .far_func.text     ro code  0x0092fa    0xe2  main.o [1]
  .far_func.text     ro code  0x0093dc    0xce  stm8s_gpio.o [1]
  .far_func.text     ro code  0x0094aa    0xba  stm8s_uart1.o [1]
  .far_func.text     ro code  0x009564    0xaa  stm8s_clk.o [1]
  .far_func.text     ro code  0x00960e    0xa3  stm8s_uart1.o [1]
  .far_func.text     ro code  0x0096b1    0x94  stm8s_clk.o [1]
  .far_func.text     ro code  0x009745    0x7a  stm8s_uart1.o [1]
  .far_func.text     ro code  0x0097bf    0x72  stm8s_clk.o [1]
  .near.rodata       const    0x009831    0x60  stm8s_uart1.o [1]
  .near.rodata       const    0x009891    0x5f  stm8s_gpio.o [1]
  .near.rodata       const    0x0098f0    0x5e  stm8s_clk.o [1]
  .near.rodata       const    0x00994e    0x5e  stm8s_spi.o [1]
  .far_func.text     ro code  0x0099ac    0x58  dc_util.o [4]
  .far_func.text     ro code  0x009a04    0x51  loc_rc522.o [1]
  .far_func.text     ro code  0x009a55    0x50  loc_rc522.o [1]
  .far_func.text     ro code  0x009aa5    0x4f  stm8s_gpio.o [1]
  .far_func.text     ro code  0x009af4    0x45  stm8s_spi.o [1]
  .far_func.text     ro code  0x009b39    0x3c  stm8s_clk.o [1]
  .far_func.text     ro code  0x009b75    0x36  stm8s_clk.o [1]
  .far_func.text     ro code  0x009bab    0x36  stm8s_clk.o [1]
  .far_func.text     ro code  0x009be1    0x35  main.o [1]
  .far_func.text     ro code  0x009c16    0x31  stm8s_it.o [1]
  .far_func.text     ro code  0x009c47    0x2b  stm8s_spi.o [1]
  .far_func.text     ro code  0x009c72    0x2b  stm8s_uart1.o [1]
  .far_func.text     ro code  0x009c9d    0x28  init_small.o [4]
  .far_func.text     ro code  0x009cc5    0x22  loc_rc522.o [1]
  .far_func.text     ro code  0x009ce7    0x21  main.o [1]
  .iar.init_table    const    0x009d08    0x14  - Linker created -
  .far_func.text     ro code  0x009d1c    0x1e  init.o [4]
  .far_func.text     ro code  0x009d3a    0x1e  init_small.o [4]
  .far_func.text     ro code  0x009d58    0x1a  main.o [1]
  .far_func.text     ro code  0x009d72    0x17  cstartup.o [4]
  .far_func.text     ro code  0x009d89    0x16  __dbg_xxexit.o [3]
  .far_func.text     ro code  0x009d9f    0x15  stm8s_spi.o [1]
  .far_func.text     ro code  0x009db4    0x14  stm8s_eeprom.o [1]
  .far_func.text     ro code  0x009dc8    0x13  stm8s_gpio.o [1]
  .far_func.text     ro code  0x009ddb    0x11  main.o [1]
  .far_func.text     ro code  0x009dec     0xe  far_util.o [4]
  .far_func.text     ro code  0x009dfa     0xd  stm8s_uart1.o [1]
  .far_func.text     ro code  0x009e07     0xc  long_util.o [4]
  .far_func.text     ro code  0x009e13     0x9  stm8s_eeprom.o [1]
  .far_func.text     ro code  0x009e1c     0x8  short.o [4]
  .far_func.text     ro code  0x009e24     0x7  stm8s_gpio.o [1]
  Initializer bytes  const    0x009e2b     0x7  <for P2-1>
  .far_func.text     ro code  0x009e32     0x6  cexit.o [4]
  .far_func.text     ro code  0x009e38     0x5  stm8s_eeprom.o [1]
  .far_func.text     ro code  0x009e3d     0x4  stm8s_gpio.o [1]
  .far_func.text     ro code  0x009e41     0x4  stm8s_uart1.o [1]
  .far_func.text     ro code  0x009e45     0x4  stm8s_uart1.o [1]
  .far_func.text     ro code  0x009e49     0x4  interrupt.o [4]
  .far_func.text     ro code  0x009e4d     0x4  exit.o [4]
  .near.rodata       const    0x009e51     0x4  stm8s_clk.o [1]
  .far_func.text     ro code  0x009e55     0x3  low_level_init.o [4]
  .far_func.text     ro code  0x009e58     0x3  unhandled_exception.o [4]
  .far_func.text     ro code  0x009e5b     0x2  main.o [1]
  .far_func.text     ro code  0x009e5d     0x2  stm8s_eeprom.o [1]
  .far_func.text     ro code  0x009e5f     0x1  stm8s_it.o [1]
  .far_func.text     ro code  0x009e60     0x1  stm8s_it.o [1]
  .far_func.text     ro code  0x009e61     0x1  stm8s_it.o [1]
  .far_func.text     ro code  0x009e62     0x1  stm8s_it.o [1]
  .far_func.text     ro code  0x009e63     0x1  stm8s_it.o [1]
  .far_func.text     ro code  0x009e64     0x1  stm8s_it.o [1]
  .far_func.text     ro code  0x009e65     0x1  stm8s_it.o [1]
  .far_func.text     ro code  0x009e66     0x1  stm8s_it.o [1]
  .far_func.text     ro code  0x009e67     0x1  stm8s_it.o [1]
  .far_func.text     ro code  0x009e68     0x1  stm8s_it.o [1]
  .far_func.text     ro code  0x009e69     0x1  stm8s_it.o [1]
  .far_func.text     ro code  0x009e6a     0x1  stm8s_it.o [1]
  .far_func.text     ro code  0x009e6b     0x1  stm8s_it.o [1]
  .far_func.text     ro code  0x009e6c     0x1  stm8s_it.o [1]
  .far_func.text     ro code  0x009e6d     0x1  stm8s_it.o [1]
  .far_func.text     ro code  0x009e6e     0x1  stm8s_it.o [1]
  .far_func.text     ro code  0x009e6f     0x1  stm8s_it.o [1]
  .far_func.text     ro code  0x009e70     0x1  stm8s_it.o [1]
  .far_func.text     ro code  0x009e71     0x1  stm8s_it.o [1]
  .far_func.text     ro code  0x009e72     0x1  __dbg_break.o [3]
                            - 0x009e73  0x1df3


*******************************************************************************
*** INIT TABLE
***

          Address   Size
          -------   ----
Zero (__iar_zero_init2)
    1 destination range, total size 0x9d:
          0x000017  0x9d

Copy (__iar_copy_init2)
    1 source range, total size 0x7:
          0x009e2b   0x7
    1 destination range, total size 0x7:
          0x000010   0x7



*******************************************************************************
*** MODULE SUMMARY
***

    Module                 ro code  ro data  rw data  rw data
                                                       (abs)
    ------                 -------  -------  -------  -------
C:\Users\Talha\Documents\GitHub\STM8S_With_Mifare4UID\EWSTM8\STM8S103\Obj: [1]
    loc_rc522.o              1 962                 2
    main.o                   1 891        7      162
    stm8s_clk.o                600       98
    stm8s_eeprom.o              36                          5
    stm8s_gpio.o               315       95
    stm8s_it.o                  68
    stm8s_spi.o                436       94
    stm8s_uart1.o            1 073       96
    ---------------------------------------------------------
    Total:                   6 381      390      164        5

command line: [2]
    ---------------------------------------------------------
    Total:

dbgstm8mmd.a: [3]
    __dbg_break.o                1
    __dbg_xxexit.o              22
    ---------------------------------------------------------
    Total:                      23

dlstm8mmn.a: [4]
    cexit.o                      6
    cstartup.o                  23
    dc_util.o                   88
    exit.o                       4
    far_util.o                  14
    init.o                      30
    init_small.o                70
    interrupt.o                  4      128
    long.o                     314
    long_util.o                 12
    low_level_init.o             3
    short.o                      8
    unhandled_exception.o        3
    vreg_util.o                274
    vregs.o                                       16
    ---------------------------------------------------------
    Total:                     853      128       16

    Linker created                       20      256
-------------------------------------------------------------
    Grand Total:             7 257      538      436        5


*******************************************************************************
*** ENTRY LIST
***

Entry                    Address   Size  Type      Object
-----                    -------   ----  ----      ------
.iar.init_table$$Base   0x009d08          --   Gb  - Linker created -
.iar.init_table$$Limit  0x009d1c          --   Gb  - Linker created -
?b0                     0x000000         Data  Gb  vregs.o [4]
?b1                     0x000001         Data  Gb  vregs.o [4]
?b10                    0x00000a         Data  Gb  vregs.o [4]
?b11                    0x00000b         Data  Gb  vregs.o [4]
?b12                    0x00000c         Data  Gb  vregs.o [4]
?b13                    0x00000d         Data  Gb  vregs.o [4]
?b14                    0x00000e         Data  Gb  vregs.o [4]
?b15                    0x00000f         Data  Gb  vregs.o [4]
?b2                     0x000002         Data  Gb  vregs.o [4]
?b3                     0x000003         Data  Gb  vregs.o [4]
?b4                     0x000004         Data  Gb  vregs.o [4]
?b5                     0x000005         Data  Gb  vregs.o [4]
?b6                     0x000006         Data  Gb  vregs.o [4]
?b7                     0x000007         Data  Gb  vregs.o [4]
?b8                     0x000008         Data  Gb  vregs.o [4]
?b9                     0x000009         Data  Gb  vregs.o [4]
?dc32_l0                0x0099ac         Code  Gb  dc_util.o [4]
?dc32_l1                0x0099d8         Code  Gb  dc_util.o [4]
?dec32_0x_0x            0x008f84         Code  Gb  long.o [4]
?dec32_l0_l0            0x008f7f         Code  Gb  long.o [4]
?e0                     0x000001         Data  Gb  vregs.o [4]
?e1                     0x000005         Data  Gb  vregs.o [4]
?e2                     0x000009         Data  Gb  vregs.o [4]
?e3                     0x00000d         Data  Gb  vregs.o [4]
?epilogue_l2            0x009299         Code  Gb  vreg_util.o [4]
?epilogue_l2_l3         0x009295         Code  Gb  vreg_util.o [4]
?epilogue_l2_w6         0x00929e         Code  Gb  vreg_util.o [4]
?epilogue_w4            0x0092a7         Code  Gb  vreg_util.o [4]
?l0                     0x000000         Data  Gb  vregs.o [4]
?l1                     0x000004         Data  Gb  vregs.o [4]
?l2                     0x000008         Data  Gb  vregs.o [4]
?l3                     0x00000c         Data  Gb  vregs.o [4]
?load24_e1_0x           0x009dec         Code  Gb  far_util.o [4]
?load32_l0_0x           0x009e07         Code  Gb  long_util.o [4]
?mov_e0_e2              0x0092af         Code  Gb  vreg_util.o [4]
?mov_e0_e3              0x0092bc         Code  Gb  vreg_util.o [4]
?mov_e1_e0              0x0092c9         Code  Gb  vreg_util.o [4]
?mov_e1_e2              0x0092d6         Code  Gb  vreg_util.o [4]
?mov_e2_e0              0x0092e3         Code  Gb  vreg_util.o [4]
?mov_e3_e0              0x0092f0         Code  Gb  vreg_util.o [4]
?mov_l0_l2              0x0092ac         Code  Gb  vreg_util.o [4]
?mov_l0_l3              0x0092b9         Code  Gb  vreg_util.o [4]
?mov_l1_l0              0x0092c6         Code  Gb  vreg_util.o [4]
?mov_l1_l2              0x0092d3         Code  Gb  vreg_util.o [4]
?mov_l2_l0              0x0092e0         Code  Gb  vreg_util.o [4]
?mov_l3_l0              0x0092ed         Code  Gb  vreg_util.o [4]
?mov_w1_w5              0x0092b2         Code  Gb  vreg_util.o [4]
?mov_w1_w7              0x0092bf         Code  Gb  vreg_util.o [4]
?mov_w3_w1              0x0092cc         Code  Gb  vreg_util.o [4]
?mov_w3_w5              0x0092d9         Code  Gb  vreg_util.o [4]
?mov_w5_w1              0x0092e6         Code  Gb  vreg_util.o [4]
?mov_w7_w1              0x0092f3         Code  Gb  vreg_util.o [4]
?mul32_l0_l0_l1         0x008fb3         Code  Gb  long.o [4]
?pop_l0                 0x00925d         Code  Gb  vreg_util.o [4]
?pop_l1                 0x009268         Code  Gb  vreg_util.o [4]
?pop_l2                 0x009273         Code  Gb  vreg_util.o [4]
?pop_l3                 0x00927e         Code  Gb  vreg_util.o [4]
?pop_w4                 0x00920e         Code  Gb  vreg_util.o [4]
?pop_w6                 0x009215         Code  Gb  vreg_util.o [4]
?push_l0                0x009228         Code  Gb  vreg_util.o [4]
?push_l1                0x00922d         Code  Gb  vreg_util.o [4]
?push_l2                0x009232         Code  Gb  vreg_util.o [4]
?push_l3                0x009237         Code  Gb  vreg_util.o [4]
?push_w1                0x0091e8         Code  Gb  vreg_util.o [4]
?push_w4                0x0091ed         Code  Gb  vreg_util.o [4]
?push_w6                0x0091f2         Code  Gb  vreg_util.o [4]
?sll16_x_x_a            0x009e1c         Code  Gb  short.o [4]
?sll32_0x_0x_a          0x0090ab         Code  Gb  long.o [4]
?sll32_l0_l0_a          0x0090a8         Code  Gb  long.o [4]
?sub32_l0_l0_0x         0x008f9b         Code  Gb  long.o [4]
?sub32_l0_l0_l1         0x008f98         Code  Gb  long.o [4]
?udiv32_l0_dl_l1        0x009031         Code  Gb  long.o [4]
?udiv32_l0_l0_dl        0x009037         Code  Gb  long.o [4]
?udiv32_l0_l0_l1        0x00903b         Code  Gb  long.o [4]
?umod32_l1_l0_l1        0x00903b         Code  Gb  long.o [4]
?w0                     0x000000         Data  Gb  vregs.o [4]
?w1                     0x000002         Data  Gb  vregs.o [4]
?w2                     0x000004         Data  Gb  vregs.o [4]
?w3                     0x000006         Data  Gb  vregs.o [4]
?w4                     0x000008         Data  Gb  vregs.o [4]
?w5                     0x00000a         Data  Gb  vregs.o [4]
?w6                     0x00000c         Data  Gb  vregs.o [4]
?w7                     0x00000e         Data  Gb  vregs.o [4]
ADC1_IRQHandler         0x009e6f    0x1  Code  Gb  stm8s_it.o [1]
ATQBuf                  0x0000a9    0x2  Data  Gb  main.o [1]
AWU_IRQHandler          0x009e61    0x1  Code  Gb  stm8s_it.o [1]
BufCntM                 0x0000ab    0x2  Data  Gb  main.o [1]
CLK_Config              0x009d58   0x1a  Code  Gb  main.o [1]
CLK_DeInit              0x009b75   0x36  Code  Gb  stm8s_clk.o [1]
CLK_GetClockFreq        0x009b39   0x3c  Code  Gb  stm8s_clk.o [1]
CLK_GetFlagStatus       0x0096b1   0x94  Code  Gb  stm8s_clk.o [1]
CLK_HSIPrescalerConfig  0x009bab   0x36  Code  Gb  stm8s_clk.o [1]
CLK_IRQHandler          0x009e62    0x1  Code  Gb  stm8s_it.o [1]
CLK_PeripheralClockConfig
                        0x009564   0xaa  Code  Gb  stm8s_clk.o [1]
CLK_SYSCLKConfig        0x0097bf   0x72  Code  Gb  stm8s_clk.o [1]
CSTACK$$Base            0x000300          --   Gb  - Linker created -
CSTACK$$Limit           0x000400          --   Gb  - Linker created -
CalulateCRC             0x008206   0x79  Code  Gb  loc_rc522.o [1]
ClearBitMask            0x008080   0x21  Code  Gb  loc_rc522.o [1]
CmdBuf                  0x000061   0x10  Data  Gb  main.o [1]
ComMifare_Uart1_ISR     0x008d46   0x1f  Code  Gb  main.o [1]
ComMifare_in            0x0000af    0x1  Data  Gb  main.o [1]
Dec2Hex                 0x009ddb   0x11  Code  Gb  main.o [1]
DefaultKey              0x000010    0x6  Data  Gb  main.o [1]
Delay                   0x008ace    0x8  Code  Gb  main.o [1]
Delay_ms                0x009ce7   0x21  Code  Gb  main.o [1]
EEPROM_EEC_IRQHandler   0x009e71    0x1  Code  Gb  stm8s_it.o [1]
EXTI_PORTA_IRQHandler   0x009e63    0x1  Code  Gb  stm8s_it.o [1]
EXTI_PORTB_IRQHandler   0x009e64    0x1  Code  Gb  stm8s_it.o [1]
EXTI_PORTC_IRQHandler   0x009e65    0x1  Code  Gb  stm8s_it.o [1]
EXTI_PORTD_IRQHandler   0x009e66    0x1  Code  Gb  stm8s_it.o [1]
EXTI_PORTE_IRQHandler   0x009e67    0x1  Code  Gb  stm8s_it.o [1]
FLASH_DUKR              0x005064    0x1  Data  Gb  stm8s_eeprom.o [1]
GPIO_DeInit             0x009dc8   0x13  Code  Gb  stm8s_gpio.o [1]
GPIO_ExternalPullUpConfig
                        0x009aa5   0x4f  Code  Gb  stm8s_gpio.o [1]
GPIO_Init               0x0093dc   0xce  Code  Gb  stm8s_gpio.o [1]
GPIO_WriteHigh          0x009e24    0x7  Code  Gb  stm8s_gpio.o [1]
GPIO_WriteLow           0x009e3d    0x4  Code  Gb  stm8s_gpio.o [1]
GPIO_setup              0x009be1   0x35  Code  Gb  main.o [1]
HSIDivFactor            0x009e51    0x4  Data  Gb  stm8s_clk.o [1]
I2C_IRQHandler          0x009e6e    0x1  Code  Gb  stm8s_it.o [1]
INTVEC$$Base            0x008000          --   Gb  - Linker created -
INTVEC$$Limit           0x008080          --   Gb  - Linker created -
InBufM                  0x000017   0x22  Data  Gb  main.o [1]
InBufM2                 0x00009b    0x8  Data  Gb  main.o [1]
InitEEPROM              0x009db4   0x14  Code  Gb  stm8s_eeprom.o [1]
KeyAB                   0x0000b1    0x1  Data  Gb  main.o [1]
Lock_EEPROM             0x009e38    0x5  Code  Gb  stm8s_eeprom.o [1]
PcdAntennaOn            0x00865e   0x18  Code  Gb  loc_rc522.o [1]
PcdAnticoll_CL2         0x008330  0x10a  Code  Gb  loc_rc522.o [1]
PcdAuthState            0x0084b2   0x83  Code  Gb  loc_rc522.o [1]
PcdComMF522             0x0080a1  0x165  Code  Gb  loc_rc522.o [1]
PcdHalt                 0x00827f   0x34  Code  Gb  loc_rc522.o [1]
PcdRead                 0x008535   0x6f  Code  Gb  loc_rc522.o [1]
PcdRequest              0x0082b3   0x7d  Code  Gb  loc_rc522.o [1]
PcdReset                0x008676   0x6b  Code  Gb  loc_rc522.o [1]
PcdSelect               0x00843a   0x78  Code  Gb  loc_rc522.o [1]
PcdWrite                0x0085a4   0xba  Code  Gb  loc_rc522.o [1]
ReadByte_EEPROM         0x009e5d    0x2  Code  Gb  stm8s_eeprom.o [1]
ReadRawRC               0x009a04   0x51  Code  Gb  loc_rc522.o [1]
Region$$Table$$Base     0x009d08          --   Gb  - Linker created -
Region$$Table$$Limit    0x009d1c          --   Gb  - Linker created -
ReqALL                  0x000016    0x1  Data  Gb  main.o [1]
SPIRC522_Init           0x0086f5   0x72  Code  Gb  loc_rc522.o [1]
SPI_Cmd                 0x009c47   0x2b  Code  Gb  stm8s_spi.o [1]
SPI_DeInit              0x009d9f   0x15  Code  Gb  stm8s_spi.o [1]
SPI_GetFlagStatus       0x009af4   0x45  Code  Gb  stm8s_spi.o [1]
SPI_IRQHandler          0x009e68    0x1  Code  Gb  stm8s_it.o [1]
SPI_Init                0x0090b9  0x12f  Code  Gb  stm8s_spi.o [1]
Sen_GET_SNR             0x008caf   0x56  Code  Gb  main.o [1]
SendData2uSett          0x008d05   0x41  Code  Gb  main.o [1]
SendDataToUart1         0x008ad6  0x118  Code  Gb  main.o [1]
Send_MF_Read_CMD        0x008c42   0x6d  Code  Gb  main.o [1]
Send_MF_Write_CMD       0x008bee   0x54  Code  Gb  main.o [1]
SetBitMask              0x009cc5   0x22  Code  Gb  loc_rc522.o [1]
TBlockAddr              0x0000b0    0x1  Data  Gb  main.o [1]
TIM1_CAP_COM_IRQHandler
                        0x009e6a    0x1  Code  Gb  stm8s_it.o [1]
TIM1_UPD_OVF_TRG_BRK_IRQHandler
                        0x009e69    0x1  Code  Gb  stm8s_it.o [1]
TIM2_CAP_COM_IRQHandler
                        0x009e6c    0x1  Code  Gb  stm8s_it.o [1]
TIM2_UPD_OVF_BRK_IRQHandler
                        0x009e6b    0x1  Code  Gb  stm8s_it.o [1]
TIM4_UPD_OVF_IRQHandler
                        0x009e70    0x1  Code  Gb  stm8s_it.o [1]
TLI_IRQHandler          0x009e60    0x1  Code  Gb  stm8s_it.o [1]
TRAP_IRQHandler         0x009e5f    0x1  Code  Gb  stm8s_it.o [1]
UART1_Cmd               0x009dfa    0xd  Code  Gb  stm8s_uart1.o [1]
UART1_DeInit            0x009c72   0x2b  Code  Gb  stm8s_uart1.o [1]
UART1_GetFlagStatus     0x009745   0x7a  Code  Gb  stm8s_uart1.o [1]
UART1_GetITStatus       0x00960e   0xa3  Code  Gb  stm8s_uart1.o [1]
UART1_ITConfig          0x0094aa   0xba  Code  Gb  stm8s_uart1.o [1]
UART1_Init              0x008d65  0x21a  Code  Gb  stm8s_uart1.o [1]
UART1_RX_IRQHandler     0x009c16   0x31  Code  Gb  stm8s_it.o [1]
UART1_ReceiveData8      0x009e41    0x4  Code  Gb  stm8s_uart1.o [1]
UART1_SendData8         0x009e45    0x4  Code  Gb  stm8s_uart1.o [1]
UART1_Settings          0x0092fa   0xe2  Code  Gb  main.o [1]
UART1_TX_IRQHandler     0x009e6d    0x1  Code  Gb  stm8s_it.o [1]
Ucnt                    0x0000b3    0x1  Data  Gb  main.o [1]
Unlock_EEPROM           0x009e13    0x9  Code  Gb  stm8s_eeprom.o [1]
WBlockBuf               0x000071   0x10  Data  Gb  main.o [1]
WriteRawRC              0x009a55   0x50  Code  Gb  loc_rc522.o [1]
_A_FLASH_CR1            0x00505a    0x1  Data  Gb  stm8s_eeprom.o [1]
_A_FLASH_CR2            0x00505b    0x1  Data  Gb  stm8s_eeprom.o [1]
_A_FLASH_IAPSR          0x00505f    0x1  Data  Gb  stm8s_eeprom.o [1]
_A_FLASH_NCR2           0x00505c    0x1  Data  Gb  stm8s_eeprom.o [1]
__DebugBreak            0x009e72    0x1  Code  Gb  __dbg_break.o [3]
__exit                  0x009d89   0x16  Code  Gb  __dbg_xxexit.o [3]
__iar_copy_init2        0x009c9d         Code  Gb  init_small.o [4]
__iar_data_init2        0x009d1c   0x1e  Code  Gb  init.o [4]
__iar_program_start     0x009d72         Code  Gb  cstartup.o [4]
__iar_unhandled_exception
                        0x009e58         Code  Gb  unhandled_exception.o [4]
__iar_zero_init2        0x009d3a         Code  Gb  init_small.o [4]
__intvec                0x008000         Data  Gb  interrupt.o [4]
__low_level_init        0x009e55    0x3  Code  Gb  low_level_init.o [4]
_exit                   0x009e32         Code  Gb  cexit.o [4]
_interrupt_1            0x009e5f         Code  Gb  stm8s_it.o [1]
_interrupt_12           0x009e68         Code  Gb  stm8s_it.o [1]
_interrupt_13           0x009e69         Code  Gb  stm8s_it.o [1]
_interrupt_14           0x009e6a         Code  Gb  stm8s_it.o [1]
_interrupt_15           0x009e6b         Code  Gb  stm8s_it.o [1]
_interrupt_16           0x009e6c         Code  Gb  stm8s_it.o [1]
_interrupt_19           0x009e6d         Code  Gb  stm8s_it.o [1]
_interrupt_2            0x009e60         Code  Gb  stm8s_it.o [1]
_interrupt_20           0x009c16         Code  Gb  stm8s_it.o [1]
_interrupt_21           0x009e6e         Code  Gb  stm8s_it.o [1]
_interrupt_24           0x009e6f         Code  Gb  stm8s_it.o [1]
_interrupt_25           0x009e70         Code  Gb  stm8s_it.o [1]
_interrupt_26           0x009e71         Code  Gb  stm8s_it.o [1]
_interrupt_3            0x009e61         Code  Gb  stm8s_it.o [1]
_interrupt_4            0x009e62         Code  Gb  stm8s_it.o [1]
_interrupt_5            0x009e63         Code  Gb  stm8s_it.o [1]
_interrupt_6            0x009e64         Code  Gb  stm8s_it.o [1]
_interrupt_7            0x009e65         Code  Gb  stm8s_it.o [1]
_interrupt_8            0x009e66         Code  Gb  stm8s_it.o [1]
_interrupt_9            0x009e67         Code  Gb  stm8s_it.o [1]
assert_failed           0x009e5b    0x2  Code  Gb  main.o [1]
bufferSize              0x0000a3    0x4  Data  Gb  main.o [1]
data                    0x000039   0x14  Data  Gb  main.o [1]
dec2hex                 0x000091    0xa  Data  Gb  main.o [1]
delay                   0x0086e1   0x14  Code  Gb  loc_rc522.o [1]
eepromByte              0x000081   0x10  Data  Gb  main.o [1]
exit                    0x009e4d    0x4  Code  Gb  exit.o [4]
g_ucTempbuf             0x00004d   0x14  Data  Gb  main.o [1]
i                       0x0000a7    0x2  Data  Gb  main.o [1]
main                    0x008767  0x367  Code  Gb  main.o [1]
status                  0x0000b2    0x1  Data  Gb  main.o [1]
temp                    0x0000ae    0x1  Data  Gb  loc_rc522.o [1]
test                    0x0000ad    0x1  Data  Gb  loc_rc522.o [1]


[1] = C:\Users\Talha\Documents\GitHub\STM8S_With_Mifare4UID\EWSTM8\STM8S103\Obj
[2] = command line
[3] = dbgstm8mmd.a
[4] = dlstm8mmn.a

  7 257 bytes of readonly  code memory
    538 bytes of readonly  data memory
    436 bytes of readwrite data memory (+ 5 absolute)

Errors: none
Warnings: none
