###############################################################################
#
# IAR ELF Linker V3.11.1.207 for STM8                     22/Apr/2022  17:54:08
# Copyright 2010-2019 IAR Systems AB.
#
#    Output file  =  
#        C:\Users\Talha\Documents\GitHub\WiegandWithMFRC522\STM8S_0StdPeriph_Template\EWSTM8\STM8S103\Exe\Project.out
#    Map file     =  
#        C:\Users\Talha\Documents\GitHub\WiegandWithMFRC522\STM8S_0StdPeriph_Template\EWSTM8\STM8S103\List\Project.map
#    Command line =  
#        -f C:\Users\Talha\AppData\Local\Temp\EW4505.tmp
#        (C:\Users\Talha\Documents\GitHub\WiegandWithMFRC522\STM8S_0StdPeriph_Template\EWSTM8\STM8S103\Obj\loc_rc522.o
#        C:\Users\Talha\Documents\GitHub\WiegandWithMFRC522\STM8S_0StdPeriph_Template\EWSTM8\STM8S103\Obj\main.o
#        C:\Users\Talha\Documents\GitHub\WiegandWithMFRC522\STM8S_0StdPeriph_Template\EWSTM8\STM8S103\Obj\stm8s_adc1.o
#        C:\Users\Talha\Documents\GitHub\WiegandWithMFRC522\STM8S_0StdPeriph_Template\EWSTM8\STM8S103\Obj\stm8s_awu.o
#        C:\Users\Talha\Documents\GitHub\WiegandWithMFRC522\STM8S_0StdPeriph_Template\EWSTM8\STM8S103\Obj\stm8s_beep.o
#        C:\Users\Talha\Documents\GitHub\WiegandWithMFRC522\STM8S_0StdPeriph_Template\EWSTM8\STM8S103\Obj\stm8s_clk.o
#        C:\Users\Talha\Documents\GitHub\WiegandWithMFRC522\STM8S_0StdPeriph_Template\EWSTM8\STM8S103\Obj\stm8s_exti.o
#        C:\Users\Talha\Documents\GitHub\WiegandWithMFRC522\STM8S_0StdPeriph_Template\EWSTM8\STM8S103\Obj\stm8s_flash.o
#        C:\Users\Talha\Documents\GitHub\WiegandWithMFRC522\STM8S_0StdPeriph_Template\EWSTM8\STM8S103\Obj\stm8s_gpio.o
#        C:\Users\Talha\Documents\GitHub\WiegandWithMFRC522\STM8S_0StdPeriph_Template\EWSTM8\STM8S103\Obj\stm8s_i2c.o
#        C:\Users\Talha\Documents\GitHub\WiegandWithMFRC522\STM8S_0StdPeriph_Template\EWSTM8\STM8S103\Obj\stm8s_it.o
#        C:\Users\Talha\Documents\GitHub\WiegandWithMFRC522\STM8S_0StdPeriph_Template\EWSTM8\STM8S103\Obj\stm8s_itc.o
#        C:\Users\Talha\Documents\GitHub\WiegandWithMFRC522\STM8S_0StdPeriph_Template\EWSTM8\STM8S103\Obj\stm8s_iwdg.o
#        C:\Users\Talha\Documents\GitHub\WiegandWithMFRC522\STM8S_0StdPeriph_Template\EWSTM8\STM8S103\Obj\stm8s_rst.o
#        C:\Users\Talha\Documents\GitHub\WiegandWithMFRC522\STM8S_0StdPeriph_Template\EWSTM8\STM8S103\Obj\stm8s_spi.o
#        C:\Users\Talha\Documents\GitHub\WiegandWithMFRC522\STM8S_0StdPeriph_Template\EWSTM8\STM8S103\Obj\stm8s_tim1.o
#        C:\Users\Talha\Documents\GitHub\WiegandWithMFRC522\STM8S_0StdPeriph_Template\EWSTM8\STM8S103\Obj\stm8s_tim2.o
#        C:\Users\Talha\Documents\GitHub\WiegandWithMFRC522\STM8S_0StdPeriph_Template\EWSTM8\STM8S103\Obj\stm8s_tim4.o
#        C:\Users\Talha\Documents\GitHub\WiegandWithMFRC522\STM8S_0StdPeriph_Template\EWSTM8\STM8S103\Obj\stm8s_uart1.o
#        C:\Users\Talha\Documents\GitHub\WiegandWithMFRC522\STM8S_0StdPeriph_Template\EWSTM8\STM8S103\Obj\stm8s_wwdg.o
#        --no_out_extension -o
#        C:\Users\Talha\Documents\GitHub\WiegandWithMFRC522\STM8S_0StdPeriph_Template\EWSTM8\STM8S103\Exe\Project.out
#        --map
#        C:\Users\Talha\Documents\GitHub\WiegandWithMFRC522\STM8S_0StdPeriph_Template\EWSTM8\STM8S103\List\Project.map
#        --config "C:\Program Files (x86)\IAR Systems\Embedded Workbench
#        8.3\stm8\config\lnkstm8s103f3.icf" --config_def _CSTACK_SIZE=0x100
#        --config_def _HEAP_SIZE=0x100 --entry __iar_program_start --debug_lib)
#
###############################################################################

*******************************************************************************
*** RUNTIME MODEL ATTRIBUTES
***

__SystemLibrary            = DLib
__code_model               = medium_or_large
__core                     = stm8
__data_model               = medium
__dlib_file_descriptor     = 0
__dlib_full_locale_support = 0
__rt_version               = 4


*******************************************************************************
*** PLACEMENT SUMMARY
***

"A0":  place at start of [0x000000-0x0000ff] { rw section .vregs };
"A1":  place at end of [0x000000-0x0003ff] { block CSTACK };
"P2":  place in [from 0x000000 to 0x0003ff] {
          block HEAP, rw section __DLIB_PERTHREAD, rw section .far.bss,
          rw section .far.data, rw section .far.noinit,
          rw section .far_func.textrw, rw section .huge.bss,
          rw section .huge.data, rw section .huge.noinit,
          rw section .huge_func.textrw, rw section .iar.dynexit,
          rw section .near.bss, rw section .near.data, rw section .near.noinit,
          rw section .near_func.textrw };
"A2":  place at start of [0x008000-0x009fff] { block INTVEC };
"P3":  place in [from 0x008000 to 0x009fff] {
          ro section __DLIB_PERTHREAD_init, ro section .far.data_init,
          ro section .far_func.textrw_init, ro section .huge.data_init,
          ro section .huge_func.textrw_init, ro section .iar.init_table,
          ro section .init_array, ro section .near.data_init,
          ro section .near.rodata, ro section .near_func.text,
          ro section .near_func.textrw_init, ro section .tiny.data_init,
          ro section .tiny.rodata_init };
"P4":  place in [from 0x008000 to 0x009fff] {
          ro section .far.rodata, ro section .far_func.text };
"P5":  place in [from 0x008000 to 0x009fff] {
          ro section .huge.rodata, ro section .huge_func.text };
do not initialize {
   rw section .eeprom.noinit, rw section .far.noinit, rw section .huge.noinit,
   rw section .near.noinit, rw section .tiny.noinit, rw section .vregs };
initialize by copy {
   rw section .far.bss, rw section .far.data, rw section .far_func.textrw,
   rw section .huge.bss, rw section .huge.data, rw section .huge_func.textrw,
   rw section .iar.dynexit, rw section .near.bss, rw section .near.data,
   rw section .near_func.textrw, rw section .tiny.bss, rw section .tiny.data,
   ro section .tiny.rodata };

No sections matched the following patterns:

  ro section .far.data_init          in "P3-P5"
  ro section .far.rodata             in "P3-P5"
  ro section .far_func.textrw_init   in "P3-P5"
  ro section .huge.data_init         in "P3-P5"
  ro section .huge.rodata            in "P3-P5"
  ro section .huge_func.text         in "P3-P5"
  ro section .huge_func.textrw_init  in "P3-P5"
  ro section .iar.init_table         in "P3-P5"
  ro section .init_array             in "P3-P5"
  ro section .near_func.text         in "P3-P5"
  ro section .near_func.textrw_init  in "P3-P5"
  ro section .tiny.data_init         in "P3-P5"
  ro section .tiny.rodata_init       in "P3-P5"
  ro section __DLIB_PERTHREAD_init   in "P3-P5"
  rw section .far.bss                in "P2"
  rw section .far.data               in "P2"
  rw section .far.noinit             in "P2"
  rw section .far_func.textrw        in "P2"
  rw section .huge.bss               in "P2"
  rw section .huge.data              in "P2"
  rw section .huge.noinit            in "P2"
  rw section .huge_func.textrw       in "P2"
  rw section .iar.dynexit            in "P2"
  rw section .near.noinit            in "P2"
  rw section .near_func.textrw       in "P2"
  rw section .tiny.bss               in "P1"
  rw section .tiny.data              in "P1"
  rw section .tiny.noinit            in "P1"
  rw section .tiny.rodata            in "P1"
  rw section __DLIB_PERTHREAD        in "P2"
  section .eeprom.data               in "P6-P8"
  section .eeprom.noinit             in "P6-P8"
  section .eeprom.rodata             in "P6-P8"


  Section            Kind      Address    Size  Object
  -------            ----      -------    ----  ------
"A0":                                     0x10
  .vregs             uninit   0x000000    0x10  vregs.o [4]
                            - 0x000010    0x10

"P2", part 1 of 2:                         0xf
  P2-1                        0x000010     0xf  <Init block>
    .near.data       inited   0x000010     0x6  main.o [1]
    .near.data       inited   0x000016     0x8  main.o [1]
    .near.data       inited   0x00001e     0x1  main.o [1]
                            - 0x00001f     0xf

"P2", part 2 of 2:                        0x7f
  .near.bss          zero     0x00001f    0x20  main.o [1]
  .near.bss          zero     0x00003f    0x20  main.o [1]
  .near.bss          zero     0x00005f    0x14  main.o [1]
  .near.bss          zero     0x000073     0xa  main.o [1]
  .near.bss          zero     0x00007d     0x8  main.o [1]
  .near.bss          zero     0x000085     0x8  main.o [1]
  .near.bss          zero     0x00008d     0x8  main.o [1]
  .near.bss          zero     0x000095     0x4  main.o [1]
  .near.bss          zero     0x000099     0x2  main.o [1]
  .near.bss          zero     0x00009b     0x1  loc_rc522.o [1]
  .near.bss          zero     0x00009c     0x1  loc_rc522.o [1]
  .near.bss          zero     0x00009d     0x1  main.o [1]
                            - 0x00009e    0x7f

"A1":                                    0x100
  CSTACK                      0x000300   0x100  <Block>
    CSTACK           uninit   0x000300   0x100  <Block tail>
                            - 0x000400   0x100

"A2":                                     0x80
  INTVEC                      0x008000    0x80  <Block>
    .intvec          const    0x008000    0x80  interrupt.o [4]
                            - 0x008080    0x80

"P3-P5":                                0x123a
  .far_func.text     ro code  0x008080   0x55e  loc_rc522.o [1]
  .far_func.text     ro code  0x0085de   0x484  main.o [1]
  .far_func.text     ro code  0x008a62    0xef  stm8s_spi.o [1]
  .far_func.text     ro code  0x008b51    0xbb  vreg_util.o [4]
  .far_func.text     ro code  0x008c0c    0xb1  stm8s_gpio.o [1]
  .far_func.text     ro code  0x008cbd    0x90  stm8s_clk.o [1]
  .far_func.text     ro code  0x008d4d    0x8c  stm8s_clk.o [1]
  .near.rodata       const    0x008dd9    0x76  stm8s_gpio.o [1]
  .near.rodata       const    0x008e4f    0x75  stm8s_clk.o [1]
  .near.rodata       const    0x008ec4    0x75  stm8s_spi.o [1]
  .far_func.text     ro code  0x008f39    0x64  stm8s_clk.o [1]
  .far_func.text     ro code  0x008f9d    0x42  long.o [4]
  .far_func.text     ro code  0x008fdf    0x3e  stm8s_gpio.o [1]
  .far_func.text     ro code  0x00901d    0x3d  stm8s_spi.o [1]
  .far_func.text     ro code  0x00905a    0x36  stm8s_clk.o [1]
  .far_func.text     ro code  0x009090    0x35  loc_rc522.o [1]
  .far_func.text     ro code  0x0090c5    0x2e  stm8s_clk.o [1]
  .far_func.text     ro code  0x0090f3    0x28  long_util.o [4]
  .far_func.text     ro code  0x00911b    0x28  init_small.o [4]
  .far_func.text     ro code  0x009143    0x23  stm8s_spi.o [1]
  .iar.init_table    const    0x009166    0x14  - Linker created -
  .far_func.text     ro code  0x00917a    0x1e  init.o [4]
  .far_func.text     ro code  0x009198    0x1e  init_small.o [4]
  .far_func.text     ro code  0x0091b6    0x17  loc_rc522.o [1]
  .far_func.text     ro code  0x0091cd    0x17  cstartup.o [4]
  .far_func.text     ro code  0x0091e4    0x16  __dbg_xxexit.o [3]
  .far_func.text     ro code  0x0091fa    0x15  stm8s_spi.o [1]
  .far_func.text     ro code  0x00920f    0x14  loc_rc522.o [1]
  .far_func.text     ro code  0x009223    0x12  stm8s_gpio.o [1]
  Initializer bytes  const    0x009235     0xf  <for P2-1>
  .far_func.text     ro code  0x009244     0xe  far_util.o [4]
  .far_func.text     ro code  0x009252     0xc  stm8s_clk.o [1]
  .far_func.text     ro code  0x00925e     0xc  stm8s_gpio.o [1]
  .far_func.text     ro code  0x00926a     0xb  loc_rc522.o [1]
  .far_func.text     ro code  0x009275     0x8  short.o [4]
  .far_func.text     ro code  0x00927d     0x7  loc_rc522.o [1]
  .far_func.text     ro code  0x009284     0x7  stm8s_gpio.o [1]
  .far_func.text     ro code  0x00928b     0x6  cexit.o [4]
  .far_func.text     ro code  0x009291     0x4  stm8s_gpio.o [1]
  .far_func.text     ro code  0x009295     0x4  interrupt.o [4]
  .far_func.text     ro code  0x009299     0x4  exit.o [4]
  .far_func.text     ro code  0x00929d     0x3  low_level_init.o [4]
  .far_func.text     ro code  0x0092a0     0x3  unhandled_exception.o [4]
  .far_func.text     ro code  0x0092a3     0x2  main.o [1]
  .far_func.text     ro code  0x0092a5     0x1  stm8s_it.o [1]
  .far_func.text     ro code  0x0092a6     0x1  stm8s_it.o [1]
  .far_func.text     ro code  0x0092a7     0x1  stm8s_it.o [1]
  .far_func.text     ro code  0x0092a8     0x1  stm8s_it.o [1]
  .far_func.text     ro code  0x0092a9     0x1  stm8s_it.o [1]
  .far_func.text     ro code  0x0092aa     0x1  stm8s_it.o [1]
  .far_func.text     ro code  0x0092ab     0x1  stm8s_it.o [1]
  .far_func.text     ro code  0x0092ac     0x1  stm8s_it.o [1]
  .far_func.text     ro code  0x0092ad     0x1  stm8s_it.o [1]
  .far_func.text     ro code  0x0092ae     0x1  stm8s_it.o [1]
  .far_func.text     ro code  0x0092af     0x1  stm8s_it.o [1]
  .far_func.text     ro code  0x0092b0     0x1  stm8s_it.o [1]
  .far_func.text     ro code  0x0092b1     0x1  stm8s_it.o [1]
  .far_func.text     ro code  0x0092b2     0x1  stm8s_it.o [1]
  .far_func.text     ro code  0x0092b3     0x1  stm8s_it.o [1]
  .far_func.text     ro code  0x0092b4     0x1  stm8s_it.o [1]
  .far_func.text     ro code  0x0092b5     0x1  stm8s_it.o [1]
  .far_func.text     ro code  0x0092b6     0x1  stm8s_it.o [1]
  .far_func.text     ro code  0x0092b7     0x1  stm8s_it.o [1]
  .far_func.text     ro code  0x0092b8     0x1  stm8s_it.o [1]
  .far_func.text     ro code  0x0092b9     0x1  __dbg_break.o [3]
                            - 0x0092ba  0x123a


*******************************************************************************
*** INIT TABLE
***

          Address   Size
          -------   ----
Zero (__iar_zero_init2)
    1 destination range, total size 0x7f:
          0x00001f  0x7f

Copy (__iar_copy_init2)
    1 source range, total size 0xf:
          0x009235   0xf
    1 destination range, total size 0xf:
          0x000010   0xf



*******************************************************************************
*** MODULE SUMMARY
***

    Module                 ro code  ro data  rw data
    ------                 -------  -------  -------
C:\Users\Talha\Documents\GitHub\WiegandWithMFRC522\STM8S_0StdPeriph_Template\EWSTM8\STM8S103\Obj: [1]
    loc_rc522.o              1 488                 2
    main.o                   1 158       15      140
    stm8s_clk.o                496      117
    stm8s_gpio.o               280      118
    stm8s_it.o                  20
    stm8s_spi.o                356      117
    ------------------------------------------------
    Total:                   3 798      367      142

command line: [2]
    ------------------------------------------------
    Total:

dbgstm8mmd.a: [3]
    __dbg_break.o                1
    __dbg_xxexit.o              22
    ------------------------------------------------
    Total:                      23

dlstm8mmn.a: [4]
    cexit.o                      6
    cstartup.o                  23
    exit.o                       4
    far_util.o                  14
    init.o                      30
    init_small.o                70
    interrupt.o                  4      128
    long.o                      66
    long_util.o                 40
    low_level_init.o             3
    short.o                      8
    unhandled_exception.o        3
    vreg_util.o                187
    vregs.o                                       16
    ------------------------------------------------
    Total:                     458      128       16

    Linker created                       20      256
----------------------------------------------------
    Grand Total:             4 279      515      414


*******************************************************************************
*** ENTRY LIST
***

Entry                    Address   Size  Type      Object
-----                    -------   ----  ----      ------
.iar.init_table$$Base   0x009166          --   Gb  - Linker created -
.iar.init_table$$Limit  0x00917a          --   Gb  - Linker created -
?add32_l0_l0_0x         0x008fb6         Code  Gb  long.o [4]
?b0                     0x000000         Data  Gb  vregs.o [4]
?b1                     0x000001         Data  Gb  vregs.o [4]
?b10                    0x00000a         Data  Gb  vregs.o [4]
?b11                    0x00000b         Data  Gb  vregs.o [4]
?b12                    0x00000c         Data  Gb  vregs.o [4]
?b13                    0x00000d         Data  Gb  vregs.o [4]
?b14                    0x00000e         Data  Gb  vregs.o [4]
?b15                    0x00000f         Data  Gb  vregs.o [4]
?b2                     0x000002         Data  Gb  vregs.o [4]
?b3                     0x000003         Data  Gb  vregs.o [4]
?b4                     0x000004         Data  Gb  vregs.o [4]
?b5                     0x000005         Data  Gb  vregs.o [4]
?b6                     0x000006         Data  Gb  vregs.o [4]
?b7                     0x000007         Data  Gb  vregs.o [4]
?b8                     0x000008         Data  Gb  vregs.o [4]
?b9                     0x000009         Data  Gb  vregs.o [4]
?dec32_0x_0x            0x008fa2         Code  Gb  long.o [4]
?dec32_l0_l0            0x008f9d         Code  Gb  long.o [4]
?e0                     0x000001         Data  Gb  vregs.o [4]
?e1                     0x000005         Data  Gb  vregs.o [4]
?e2                     0x000009         Data  Gb  vregs.o [4]
?e3                     0x00000d         Data  Gb  vregs.o [4]
?epilogue_l2            0x008bec         Code  Gb  vreg_util.o [4]
?epilogue_l2_l3         0x008be8         Code  Gb  vreg_util.o [4]
?epilogue_l2_w6         0x008bf1         Code  Gb  vreg_util.o [4]
?epilogue_w4            0x008bfa         Code  Gb  vreg_util.o [4]
?l0                     0x000000         Data  Gb  vregs.o [4]
?l1                     0x000004         Data  Gb  vregs.o [4]
?l2                     0x000008         Data  Gb  vregs.o [4]
?l3                     0x00000c         Data  Gb  vregs.o [4]
?load24_e1_0x           0x009244         Code  Gb  far_util.o [4]
?load32_0x_l0           0x0090ff         Code  Gb  long_util.o [4]
?load32_0x_l2           0x00910d         Code  Gb  long_util.o [4]
?load32_l0_0x           0x0090f3         Code  Gb  long_util.o [4]
?mov_e1_e0              0x008c02         Code  Gb  vreg_util.o [4]
?mov_l1_l0              0x008bff         Code  Gb  vreg_util.o [4]
?mov_w3_w1              0x008c05         Code  Gb  vreg_util.o [4]
?pop_l2                 0x008bc6         Code  Gb  vreg_util.o [4]
?pop_l3                 0x008bd1         Code  Gb  vreg_util.o [4]
?pop_w4                 0x008b81         Code  Gb  vreg_util.o [4]
?pop_w6                 0x008b88         Code  Gb  vreg_util.o [4]
?push_l2                0x008b9b         Code  Gb  vreg_util.o [4]
?push_l3                0x008ba0         Code  Gb  vreg_util.o [4]
?push_w0                0x008b51         Code  Gb  vreg_util.o [4]
?push_w1                0x008b56         Code  Gb  vreg_util.o [4]
?push_w2                0x008b5b         Code  Gb  vreg_util.o [4]
?push_w4                0x008b60         Code  Gb  vreg_util.o [4]
?push_w6                0x008b65         Code  Gb  vreg_util.o [4]
?sll16_x_x_a            0x009275         Code  Gb  short.o [4]
?sll32_0x_0x_a          0x008fd1         Code  Gb  long.o [4]
?sll32_l0_l0_a          0x008fce         Code  Gb  long.o [4]
?w0                     0x000000         Data  Gb  vregs.o [4]
?w1                     0x000002         Data  Gb  vregs.o [4]
?w2                     0x000004         Data  Gb  vregs.o [4]
?w3                     0x000006         Data  Gb  vregs.o [4]
?w4                     0x000008         Data  Gb  vregs.o [4]
?w5                     0x00000a         Data  Gb  vregs.o [4]
?w6                     0x00000c         Data  Gb  vregs.o [4]
?w7                     0x00000e         Data  Gb  vregs.o [4]
ADC1_IRQHandler         0x0092b6    0x1  Code  Gb  stm8s_it.o [1]
ATQBuf                  0x000099    0x2  Data  Gb  main.o [1]
AWU_IRQHandler          0x0092a7    0x1  Code  Gb  stm8s_it.o [1]
Binary01                0x00008d    0x8  Data  Gb  main.o [1]
Binary32bit             0x00003f   0x20  Data  Gb  main.o [1]
BinaryData              0x00001f   0x20  Data  Gb  main.o [1]
CLK_Config              0x008983   0x1a  Code  Gb  main.o [1]
CLK_DeInit              0x00905a   0x36  Code  Gb  stm8s_clk.o [1]
CLK_GetFlagStatus       0x008d4d   0x8c  Code  Gb  stm8s_clk.o [1]
CLK_HSIPrescalerConfig  0x0090c5   0x2e  Code  Gb  stm8s_clk.o [1]
CLK_IRQHandler          0x0092a8    0x1  Code  Gb  stm8s_it.o [1]
CLK_PeripheralClockConfig
                        0x008cbd   0x90  Code  Gb  stm8s_clk.o [1]
CLK_SYSCLKConfig        0x008f39   0x64  Code  Gb  stm8s_clk.o [1]
CSTACK$$Base            0x000300          --   Gb  - Linker created -
CSTACK$$Limit           0x000400          --   Gb  - Linker created -
CalulateCRC             0x0083ab   0x60  Code  Gb  loc_rc522.o [1]
ClearBitMask            0x00815d   0x21  Code  Gb  loc_rc522.o [1]
Dec2Hex                 0x00899d   0x11  Code  Gb  main.o [1]
DefaultKey              0x000010    0x6  Data  Gb  main.o [1]
Delay                   0x0085de    0x8  Code  Gb  main.o [1]
EEPROM_EEC_IRQHandler   0x0092b8    0x1  Code  Gb  stm8s_it.o [1]
EXTI_PORTA_IRQHandler   0x0092a9    0x1  Code  Gb  stm8s_it.o [1]
EXTI_PORTB_IRQHandler   0x0092aa    0x1  Code  Gb  stm8s_it.o [1]
EXTI_PORTC_IRQHandler   0x0092ab    0x1  Code  Gb  stm8s_it.o [1]
EXTI_PORTD_IRQHandler   0x0092ac    0x1  Code  Gb  stm8s_it.o [1]
EXTI_PORTE_IRQHandler   0x0092ad    0x1  Code  Gb  stm8s_it.o [1]
FirtsD                  0x00007d    0x8  Data  Gb  main.o [1]
GPIO_DeInit             0x009223   0x12  Code  Gb  stm8s_gpio.o [1]
GPIO_ExternalPullUpConfig
                        0x008fdf   0x3e  Code  Gb  stm8s_gpio.o [1]
GPIO_Init               0x008c0c   0xb1  Code  Gb  stm8s_gpio.o [1]
GPIO_WriteHigh          0x009284    0x7  Code  Gb  stm8s_gpio.o [1]
GPIO_WriteLow           0x009291    0x4  Code  Gb  stm8s_gpio.o [1]
GPIO_setup              0x00894e   0x35  Code  Gb  main.o [1]
Hex2Binary              0x0085e6  0x33b  Code  Gb  main.o [1]
HexData                 0x000016    0x8  Data  Gb  main.o [1]
I2C_IRQHandler          0x0092b5    0x1  Code  Gb  stm8s_it.o [1]
INTVEC$$Base            0x008000          --   Gb  - Linker created -
INTVEC$$Limit           0x008080          --   Gb  - Linker created -
PcdAntennaOn            0x008562   0x12  Code  Gb  loc_rc522.o [1]
PcdAnticoll             0x00831b   0x7d  Code  Gb  loc_rc522.o [1]
PcdAuthState            0x008491   0x77  Code  Gb  loc_rc522.o [1]
PcdComMF522             0x00817e  0x142  Code  Gb  loc_rc522.o [1]
PcdHalt                 0x00853c   0x26  Code  Gb  loc_rc522.o [1]
PcdRequest              0x0082c0   0x5b  Code  Gb  loc_rc522.o [1]
PcdReset                0x00857e   0x60  Code  Gb  loc_rc522.o [1]
PcdSelect               0x00842c   0x65  Code  Gb  loc_rc522.o [1]
ReadRawRC               0x0080a3   0x3f  Code  Gb  loc_rc522.o [1]
Region$$Table$$Base     0x009166          --   Gb  - Linker created -
Region$$Table$$Limit    0x00917a          --   Gb  - Linker created -
ReqALL                  0x00001e    0x1  Data  Gb  main.o [1]
SPIRC522_Init           0x009090   0x35  Code  Gb  loc_rc522.o [1]
SPI_Cmd                 0x009143   0x17  Code  Gb  stm8s_spi.o [1]
SPI_DeInit              0x0091fa   0x15  Code  Gb  stm8s_spi.o [1]
SPI_GetFlagStatus       0x00901d   0x3d  Code  Gb  stm8s_spi.o [1]
SPI_IRQHandler          0x0092ae    0x1  Code  Gb  stm8s_it.o [1]
SPI_Init                0x008a62   0xef  Code  Gb  stm8s_spi.o [1]
SeconD                  0x000085    0x8  Data  Gb  main.o [1]
SetBitMask              0x00813b   0x22  Code  Gb  loc_rc522.o [1]
TIM1_CAP_COM_IRQHandler
                        0x0092b0    0x1  Code  Gb  stm8s_it.o [1]
TIM1_UPD_OVF_TRG_BRK_IRQHandler
                        0x0092af    0x1  Code  Gb  stm8s_it.o [1]
TIM2_CAP_COM_IRQHandler
                        0x0092b2    0x1  Code  Gb  stm8s_it.o [1]
TIM2_UPD_OVF_BRK_IRQHandler
                        0x0092b1    0x1  Code  Gb  stm8s_it.o [1]
TIM4_UPD_OVF_IRQHandler
                        0x0092b7    0x1  Code  Gb  stm8s_it.o [1]
TLI_IRQHandler          0x0092a6    0x1  Code  Gb  stm8s_it.o [1]
TRAP_IRQHandler         0x0092a5    0x1  Code  Gb  stm8s_it.o [1]
UART1_RX_IRQHandler     0x0092b4    0x1  Code  Gb  stm8s_it.o [1]
UART1_TX_IRQHandler     0x0092b3    0x1  Code  Gb  stm8s_it.o [1]
WriteRawRC              0x0080eb   0x3e  Code  Gb  loc_rc522.o [1]
__DebugBreak            0x0092b9    0x1  Code  Gb  __dbg_break.o [3]
__exit                  0x0091e4   0x16  Code  Gb  __dbg_xxexit.o [3]
__iar_copy_init2        0x00911b         Code  Gb  init_small.o [4]
__iar_data_init2        0x00917a   0x1e  Code  Gb  init.o [4]
__iar_program_start     0x0091cd         Code  Gb  cstartup.o [4]
__iar_unhandled_exception
                        0x0092a0         Code  Gb  unhandled_exception.o [4]
__iar_zero_init2        0x009198         Code  Gb  init_small.o [4]
__intvec                0x008000         Data  Gb  interrupt.o [4]
__low_level_init        0x00929d    0x3  Code  Gb  low_level_init.o [4]
_exit                   0x00928b         Code  Gb  cexit.o [4]
_interrupt_1            0x0092a5         Code  Gb  stm8s_it.o [1]
_interrupt_12           0x0092ae         Code  Gb  stm8s_it.o [1]
_interrupt_13           0x0092af         Code  Gb  stm8s_it.o [1]
_interrupt_14           0x0092b0         Code  Gb  stm8s_it.o [1]
_interrupt_15           0x0092b1         Code  Gb  stm8s_it.o [1]
_interrupt_16           0x0092b2         Code  Gb  stm8s_it.o [1]
_interrupt_19           0x0092b3         Code  Gb  stm8s_it.o [1]
_interrupt_2            0x0092a6         Code  Gb  stm8s_it.o [1]
_interrupt_20           0x0092b4         Code  Gb  stm8s_it.o [1]
_interrupt_21           0x0092b5         Code  Gb  stm8s_it.o [1]
_interrupt_24           0x0092b6         Code  Gb  stm8s_it.o [1]
_interrupt_25           0x0092b7         Code  Gb  stm8s_it.o [1]
_interrupt_26           0x0092b8         Code  Gb  stm8s_it.o [1]
_interrupt_3            0x0092a7         Code  Gb  stm8s_it.o [1]
_interrupt_4            0x0092a8         Code  Gb  stm8s_it.o [1]
_interrupt_5            0x0092a9         Code  Gb  stm8s_it.o [1]
_interrupt_6            0x0092aa         Code  Gb  stm8s_it.o [1]
_interrupt_7            0x0092ab         Code  Gb  stm8s_it.o [1]
_interrupt_8            0x0092ac         Code  Gb  stm8s_it.o [1]
_interrupt_9            0x0092ad         Code  Gb  stm8s_it.o [1]
assert_failed           0x0092a3    0x2  Code  Gb  main.o [1]
bufferSize              0x000095    0x4  Data  Gb  main.o [1]
dec2hex                 0x000073    0xa  Data  Gb  main.o [1]
delay                   0x00920f   0x14  Code  Gb  loc_rc522.o [1]
exit                    0x009299    0x4  Code  Gb  exit.o [4]
g_ucTempbuf             0x00005f   0x14  Data  Gb  main.o [1]
main                    0x0089ae   0xb4  Code  Gb  main.o [1]
status                  0x00009d    0x1  Data  Gb  main.o [1]
temp                    0x00009c    0x1  Data  Gb  loc_rc522.o [1]
test                    0x00009b    0x1  Data  Gb  loc_rc522.o [1]


[1] = C:\Users\Talha\Documents\GitHub\WiegandWithMFRC522\STM8S_0StdPeriph_Template\EWSTM8\STM8S103\Obj
[2] = command line
[3] = dbgstm8mmd.a
[4] = dlstm8mmn.a

  4 279 bytes of readonly  code memory
    515 bytes of readonly  data memory
    414 bytes of readwrite data memory

Errors: none
Warnings: none
